Archive member included to satisfy reference by file (symbol)

app/libapp.a(main.c.obj)      (--whole-archive)
zephyr/libzephyr.a(cbprintf_packaged.c.obj)
                              (--whole-archive)
zephyr/libzephyr.a(dec.c.obj)
                              (--whole-archive)
zephyr/libzephyr.a(fdtable.c.obj)
                              (--whole-archive)
zephyr/libzephyr.a(hex.c.obj)
                              (--whole-archive)
zephyr/libzephyr.a(printk.c.obj)
                              (--whole-archive)
zephyr/libzephyr.a(rb.c.obj)  (--whole-archive)
zephyr/libzephyr.a(sem.c.obj)
                              (--whole-archive)
zephyr/libzephyr.a(thread_entry.c.obj)
                              (--whole-archive)
zephyr/libzephyr.a(timeutil.c.obj)
                              (--whole-archive)
zephyr/libzephyr.a(heap.c.obj)
                              (--whole-archive)
zephyr/libzephyr.a(heap-validate.c.obj)
                              (--whole-archive)
zephyr/libzephyr.a(bitarray.c.obj)
                              (--whole-archive)
zephyr/libzephyr.a(multi_heap.c.obj)
                              (--whole-archive)
zephyr/libzephyr.a(onoff.c.obj)
                              (--whole-archive)
zephyr/libzephyr.a(notify.c.obj)
                              (--whole-archive)
zephyr/libzephyr.a(crc32c_sw.c.obj)
                              (--whole-archive)
zephyr/libzephyr.a(crc32_sw.c.obj)
                              (--whole-archive)
zephyr/libzephyr.a(crc16_sw.c.obj)
                              (--whole-archive)
zephyr/libzephyr.a(crc8_sw.c.obj)
                              (--whole-archive)
zephyr/libzephyr.a(crc7_sw.c.obj)
                              (--whole-archive)
zephyr/libzephyr.a(cbprintf_complete.c.obj)
                              (--whole-archive)
zephyr/libzephyr.a(cbprintf.c.obj)
                              (--whole-archive)
zephyr/libzephyr.a(assert.c.obj)
                              (--whole-archive)
zephyr/libzephyr.a(reboot.c.obj)
                              (--whole-archive)
zephyr/libzephyr.a(configs.c.obj)
                              (--whole-archive)
zephyr/libzephyr.a(soc_nrf_common.S.obj)
                              (--whole-archive)
zephyr/libzephyr.a(validate_base_addresses.c.obj)
                              (--whole-archive)
zephyr/libzephyr.a(validate_enabled_instances.c.obj)
                              (--whole-archive)
zephyr/libzephyr.a(nvs.c.obj)
                              (--whole-archive)
zephyr/libzephyr.a(pm.c.obj)  (--whole-archive)
zephyr/libzephyr.a(policy.c.obj)
                              (--whole-archive)
zephyr/libzephyr.a(state.c.obj)
                              (--whole-archive)
zephyr/libzephyr.a(tracing_none.c.obj)
                              (--whole-archive)
zephyr/libzephyr.a(settings_store.c.obj)
                              (--whole-archive)
zephyr/libzephyr.a(settings.c.obj)
                              (--whole-archive)
zephyr/libzephyr.a(settings_init.c.obj)
                              (--whole-archive)
zephyr/libzephyr.a(settings_line.c.obj)
                              (--whole-archive)
zephyr/libzephyr.a(settings_none.c.obj)
                              (--whole-archive)
zephyr/libzephyr.a(nrf_cc3xx_platform_abort_zephyr.c.obj)
                              (--whole-archive)
zephyr/libzephyr.a(nrf_cc3xx_platform_mutex_zephyr.c.obj)
                              (--whole-archive)
zephyr/arch/common/libarch__common.a(sw_isr_common.c.obj)
                              (--whole-archive)
zephyr/arch/arch/arm/core/aarch32/libarch__arm__core__aarch32.a(cpu_idle.S.obj)
                              (--whole-archive)
zephyr/arch/arch/arm/core/aarch32/libarch__arm__core__aarch32.a(fatal.c.obj)
                              (--whole-archive)
zephyr/arch/arch/arm/core/aarch32/libarch__arm__core__aarch32.a(irq_manage.c.obj)
                              (--whole-archive)
zephyr/arch/arch/arm/core/aarch32/libarch__arm__core__aarch32.a(nmi.c.obj)
                              (--whole-archive)
zephyr/arch/arch/arm/core/aarch32/libarch__arm__core__aarch32.a(nmi_on_reset.S.obj)
                              (--whole-archive)
zephyr/arch/arch/arm/core/aarch32/libarch__arm__core__aarch32.a(prep_c.c.obj)
                              (--whole-archive)
zephyr/arch/arch/arm/core/aarch32/libarch__arm__core__aarch32.a(swap.c.obj)
                              (--whole-archive)
zephyr/arch/arch/arm/core/aarch32/libarch__arm__core__aarch32.a(swap_helper.S.obj)
                              (--whole-archive)
zephyr/arch/arch/arm/core/aarch32/libarch__arm__core__aarch32.a(thread.c.obj)
                              (--whole-archive)
zephyr/arch/arch/arm/core/aarch32/libarch__arm__core__aarch32.a(isr_wrapper.S.obj)
                              (--whole-archive)
zephyr/arch/arch/arm/core/aarch32/cortex_m/libarch__arm__core__aarch32__cortex_m.a(exc_exit.S.obj)
                              (--whole-archive)
[...]
Memory Configuration

Name             Origin             Length             Attributes
FLASH            0x0000000000000000 0x0000000000100000 xr
RAM              0x0000000020000000 0x0000000000040000 xw
IDT_LIST         0x00000000fffff7ff 0x0000000000000800 xw
*default*        0x0000000000000000 0xffffffffffffffff

Linker script and memory map

LOAD zephyr/CMakeFiles/zephyr_pre0.dir/misc/empty_file.c.obj
                0x0000000000000020                _region_min_align = 0x20

.rel.plt        0x0000000000000000        0x0
 *(SORT_BY_ALIGNMENT(.rel.plt))
                [!provide]                        PROVIDE (__rel_iplt_start = .)
 *(SORT_BY_ALIGNMENT(.rel.iplt))
 .rel.iplt      0x0000000000000000        0x0 app/libapp.a(main.c.obj)
                [!provide]                        PROVIDE (__rel_iplt_end = .)

.rela.plt       0x0000000000000000        0x0
 *(SORT_BY_ALIGNMENT(.rela.plt))
                [!provide]                        PROVIDE (__rela_iplt_start = .)
 *(SORT_BY_ALIGNMENT(.rela.iplt))
                [!provide]                        PROVIDE (__rela_iplt_end = .)

.rel.dyn
 *(SORT_BY_ALIGNMENT(.rel.*))

.rela.dyn
 *(SORT_BY_ALIGNMENT(.rela.*))

/DISCARD/
 *(SORT_BY_ALIGNMENT(.plt))

/DISCARD/
 *(SORT_BY_ALIGNMENT(.iplt))
                0x0000000000000000                __rom_region_start = 0x0

rom_start       0x0000000000000000      0x100
                0x0000000000000000                . = 0x0
                0x0000000000000000                . = ALIGN (0x4)
                0x0000000000000000                . = ALIGN (0x80)
                0x0000000000000000                . = ALIGN (0x100)
                0x0000000000000000                _vector_start = .
 *(SORT_BY_ALIGNMENT(.exc_vector_table))
 *(SORT_BY_ALIGNMENT(.exc_vector_table.*))
 .exc_vector_table._vector_table_section
                0x0000000000000000       0x40 zephyr/arch/arch/arm/core/aarch32/cortex_m/libarch__arm__core__aarch32__cortex_m.a(vector_table.S.obj)
                0x0000000000000000                _vector_table
 *(SORT_BY_ALIGNMENT(.vectors))
                0x0000000000000100                _vector_end = .
                0x0000000000000040                . = ALIGN (0x4)
 *(SORT_BY_ALIGNMENT(.gnu.linkonce.irq_vector_table*))
 .gnu.linkonce.irq_vector_table
                0x0000000000000040       0xc0 zephyr/arch/common/libisr_tables.a(isr_tables.c.obj)
                0x0000000000000040                _irq_vector_table
                0x0000000000000100                _vector_end = .

text            0x0000000000000100     0x820c
                0x0000000000000100                __text_region_start = .
 *(SORT_BY_ALIGNMENT(.text))
 .text          0x0000000000000100       0x30 d:/project/52840/toolchains/31f4403e35/opt/zephyr-sdk/arm-zephyr-eabi/bin/../lib/gcc/arm-zephyr-eabi/12.2.0/thumb/v7e-m+fp/hard\libgcc.a(_aeabi_uldivmod.o)
                0x0000000000000100                __aeabi_uldivmod
 .text          0x0000000000000130        0x4 d:/project/52840/toolchains/31f4403e35/opt/zephyr-sdk/arm-zephyr-eabi/bin/../lib/gcc/arm-zephyr-eabi/12.2.0/thumb/v7e-m+fp/hard\libgcc.a(_dvmd_tls.o)
                0x0000000000000130                __aeabi_idiv0
                0x0000000000000130                __aeabi_ldiv0
 .text          0x0000000000000134      0x2a0 d:/project/52840/toolchains/31f4403e35/opt/zephyr-sdk/arm-zephyr-eabi/bin/../lib/gcc/arm-zephyr-eabi/12.2.0/thumb/v7e-m+fp/hard\libgcc.a(_udivmoddi4.o)
                0x0000000000000134                __udivmoddi4
 *(SORT_BY_ALIGNMENT(.text.*))
 *fill*         0x00000000000003d4        0x4 
 .text.z_cbvprintf_impl
                0x00000000000003d8      0xcd8 zephyr/libzephyr.a(cbprintf_complete.c.obj)
                0x00000000000003d8                z_cbvprintf_impl
 .text.work_queue_main
                0x00000000000010b0      0x140 zephyr/kernel/libkernel.a(work.c.obj)
 .text.main     0x00000000000011f0       0x4c app/libapp.a(main.c.obj)
                0x00000000000011f0                main
 .text.char_out
                0x000000000000123c        0xc zephyr/libzephyr.a(printk.c.obj)
 .text.__printk_hook_install
                0x0000000000001248        0xc zephyr/libzephyr.a(printk.c.obj)
                0x0000000000001248                __printk_hook_install
 .text.vprintk  0x0000000000001254       0x1c zephyr/libzephyr.a(printk.c.obj)
                0x0000000000001254                vprintk
 .text.process_event
                0x0000000000001270      0x21c zephyr/libzephyr.a(onoff.c.obj)
 .text.sys_reboot
                0x000000000000148c       0x30 zephyr/libzephyr.a(reboot.c.obj)
                0x000000000000148c                sys_reboot
 .text.z_arm_platform_init
                0x00000000000014bc        0x4 zephyr/libzephyr.a(soc_nrf_common.S.obj)
                0x00000000000014bc                z_arm_platform_init
 .text.pm_state_notify
                0x00000000000014c0       0x5c zephyr/libzephyr.a(pm.c.obj)
 .text.pm_system_resume
                0x000000000000151c       0x78 zephyr/libzephyr.a(pm.c.obj)
                0x000000000000151c                pm_system_resume
 .text.pm_system_suspend
                0x0000000000001594       0xf8 zephyr/libzephyr.a(pm.c.obj)
                0x0000000000001594                pm_system_suspend
 .text.pm_policy_next_state
                0x000000000000168c       0x94 zephyr/libzephyr.a(policy.c.obj)
                0x000000000000168c                pm_policy_next_state
 .text.pm_state_cpu_get_all
                0x0000000000001720       0x10 zephyr/libzephyr.a(state.c.obj)
                0x0000000000001720                pm_state_cpu_get_all
 .text.nrf_cc3xx_platform_abort_init
                0x0000000000001730        0xc zephyr/libzephyr.a(nrf_cc3xx_platform_abort_zephyr.c.obj)
                0x0000000000001730                nrf_cc3xx_platform_abort_init
 .text.mutex_free_platform
                0x000000000000173c       0x54 zephyr/libzephyr.a(nrf_cc3xx_platform_mutex_zephyr.c.obj)
 .text.mutex_lock_platform
                0x0000000000001790       0x60 zephyr/libzephyr.a(nrf_cc3xx_platform_mutex_zephyr.c.obj)
 .text.mutex_unlock_platform
                0x00000000000017f0       0x58 zephyr/libzephyr.a(nrf_cc3xx_platform_mutex_zephyr.c.obj)
 .text.mutex_init_platform
                0x0000000000001848       0x94 zephyr/libzephyr.a(nrf_cc3xx_platform_mutex_zephyr.c.obj)
 .text.nrf_cc3xx_platform_mutex_init
                0x00000000000018dc       0x2c zephyr/libzephyr.a(nrf_cc3xx_platform_mutex_zephyr.c.obj)
                0x00000000000018dc                nrf_cc3xx_platform_mutex_init
 .text.z_arm_cpu_idle_init
                0x0000000000001908        0xc zephyr/arch/arch/arm/core/aarch32/libarch__arm__core__aarch32.a(cpu_idle.S.obj)
                0x0000000000001908                z_arm_cpu_idle_init
 .text.arch_cpu_idle
                0x0000000000001914       0x1c zephyr/arch/arch/arm/core/aarch32/libarch__arm__core__aarch32.a(cpu_idle.S.obj)
                0x0000000000001914                arch_cpu_idle
 .text.arch_cpu_atomic_idle
                0x0000000000001930       0x18 zephyr/arch/arch/arm/core/aarch32/libarch__arm__core__aarch32.a(cpu_idle.S.obj)
                0x0000000000001930                arch_cpu_atomic_idle
 .text.arch_irq_enable
                0x0000000000001948       0x1c zephyr/arch/arch/arm/core/aarch32/libarch__arm__core__aarch32.a(irq_manage.c.obj)
                0x0000000000001948                arch_irq_enable
 .text.arch_irq_disable
                0x0000000000001964       0x28 zephyr/arch/arch/arm/core/aarch32/libarch__arm__core__aarch32.a(irq_manage.c.obj)
                0x0000000000001964                arch_irq_disable
 .text.arch_irq_is_enabled
                0x000000000000198c       0x1c zephyr/arch/arch/arm/core/aarch32/libarch__arm__core__aarch32.a(irq_manage.c.obj)
                0x000000000000198c                arch_irq_is_enabled
 .text.z_arm_irq_priority_set
                0x00000000000019a8       0x30 zephyr/arch/arch/arm/core/aarch32/libarch__arm__core__aarch32.a(irq_manage.c.obj)
                0x00000000000019a8                z_arm_irq_priority_set
 .text.z_SysNmiOnReset
                0x00000000000019d8        0x8 zephyr/arch/arch/arm/core/aarch32/libarch__arm__core__aarch32.a(nmi_on_reset.S.obj)
                0x00000000000019d8                z_SysNmiOnReset
 .text.z_arm_prep_c
                0x00000000000019e0       0x5c zephyr/arch/arch/arm/core/aarch32/libarch__arm__core__aarch32.a(prep_c.c.obj)
                0x00000000000019e0                z_arm_prep_c
 .text.arch_swap
                0x0000000000001a3c       0x34 zephyr/arch/arch/arm/core/aarch32/libarch__arm__core__aarch32.a(swap.c.obj)
                0x0000000000001a3c                arch_swap
 .text.z_arm_pendsv
                0x0000000000001a70       0x90 zephyr/arch/arch/arm/core/aarch32/libarch__arm__core__aarch32.a(swap_helper.S.obj)
                0x0000000000001a70                z_arm_pendsv
 .text.z_arm_svc
                0x0000000000001b00       0x20 zephyr/arch/arch/arm/core/aarch32/libarch__arm__core__aarch32.a(swap_helper.S.obj)
                0x0000000000001b00                z_arm_svc
 .text.arch_new_thread
                0x0000000000001b20       0x60 zephyr/arch/arch/arm/core/aarch32/libarch__arm__core__aarch32.a(thread.c.obj)
                0x0000000000001b20                arch_new_thread
 .text.z_arm_mpu_stack_guard_and_fpu_adjust
                0x0000000000001b80       0x70 zephyr/arch/arch/arm/core/aarch32/libarch__arm__core__aarch32.a(thread.c.obj)
                0x0000000000001b80                z_arm_mpu_stack_guard_and_fpu_adjust
 .text.z_check_thread_stack_fail
                0x0000000000001bf0       0x38 zephyr/arch/arch/arm/core/aarch32/libarch__arm__core__aarch32.a(thread.c.obj)
                0x0000000000001bf0                z_check_thread_stack_fail
 .text.arch_switch_to_main_thread
                0x0000000000001c28       0x48 zephyr/arch/arch/arm/core/aarch32/libarch__arm__core__aarch32.a(thread.c.obj)
                0x0000000000001c28                arch_switch_to_main_thread
 .text._isr_wrapper
                0x0000000000001c70       0x40 zephyr/arch/arch/arm/core/aarch32/libarch__arm__core__aarch32.a(isr_wrapper.S.obj)
                0x0000000000001c70                _isr_wrapper
 .text._HandlerModeExit
                0x0000000000001cb0       0x1c zephyr/arch/arch/arm/core/aarch32/cortex_m/libarch__arm__core__aarch32__cortex_m.a(exc_exit.S.obj)
                0x0000000000001cb0                z_arm_int_exit
                0x0000000000001cb0                z_arm_exc_exit
 .text.mem_manage_fault
                0x0000000000001ccc       0xa0 zephyr/arch/arch/arm/core/aarch32/cortex_m/libarch__arm__core__aarch32__cortex_m.a(fault.c.obj)
 .text.usage_fault.constprop.0
                0x0000000000001d6c       0x54 zephyr/arch/arch/arm/core/aarch32/cortex_m/libarch__arm__core__aarch32__cortex_m.a(fault.c.obj)
 .text.bus_fault.constprop.0
                0x0000000000001dc0       0x6c zephyr/arch/arch/arm/core/aarch32/cortex_m/libarch__arm__core__aarch32__cortex_m.a(fault.c.obj)
 .text.z_arm_fault
                0x0000000000001e2c      0x11c zephyr/arch/arch/arm/core/aarch32/cortex_m/libarch__arm__core__aarch32__cortex_m.a(fault.c.obj)
                0x0000000000001e2c                z_arm_fault
 .text.z_arm_fault_init
                0x0000000000001f48       0x10 zephyr/arch/arch/arm/core/aarch32/cortex_m/libarch__arm__core__aarch32__cortex_m.a(fault.c.obj)
                0x0000000000001f48                z_arm_fault_init
 .text.__fault  0x0000000000001f58       0x14 zephyr/arch/arch/arm/core/aarch32/cortex_m/libarch__arm__core__aarch32__cortex_m.a(fault_s.S.obj)
                0x0000000000001f58                z_arm_usage_fault
                0x0000000000001f58                z_arm_mpu_fault
                0x0000000000001f58                z_arm_exc_spurious
                0x0000000000001f58                z_arm_debug_monitor
                0x0000000000001f58                z_arm_hard_fault
                0x0000000000001f58                z_arm_bus_fault
 .text.z_arm_interrupt_init
                0x0000000000001f6c       0x18 zephyr/arch/arch/arm/core/aarch32/cortex_m/libarch__arm__core__aarch32__cortex_m.a(irq_init.c.obj)
                0x0000000000001f6c                z_arm_interrupt_init
 .text._reset_section
                0x0000000000001f84       0x54 zephyr/arch/arch/arm/core/aarch32/cortex_m/libarch__arm__core__aarch32__cortex_m.a(reset.S.obj)
                0x0000000000001f84                __start
                0x0000000000001f84                z_arm_reset
 .text.z_arm_clear_arm_mpu_config
                0x0000000000001fd8       0x24 zephyr/arch/arch/arm/core/aarch32/cortex_m/libarch__arm__core__aarch32__cortex_m.a(scb.c.obj)
                0x0000000000001fd8                z_arm_clear_arm_mpu_config
 .text.z_arm_init_arch_hw_at_boot
                0x0000000000001ffc       0x64 zephyr/arch/arch/arm/core/aarch32/cortex_m/libarch__arm__core__aarch32__cortex_m.a(scb.c.obj)
                0x0000000000001ffc                z_arm_init_arch_hw_at_boot
 .text.z_impl_k_thread_abort
                0x0000000000002060       0x2c zephyr/arch/arch/arm/core/aarch32/cortex_m/libarch__arm__core__aarch32__cortex_m.a(thread_abort.c.obj)
                0x0000000000002060                z_impl_k_thread_abort
 .text.z_arm_configure_static_mpu_regions
                0x000000000000208c       0x18 zephyr/arch/arch/arm/core/aarch32/mpu/libarch__arm__core__aarch32__mpu.a(arm_core_mpu.c.obj)
                0x000000000000208c                z_arm_configure_static_mpu_regions
 .text.z_arm_configure_dynamic_mpu_regions
                0x00000000000020a4       0x2c zephyr/arch/arch/arm/core/aarch32/mpu/libarch__arm__core__aarch32__mpu.a(arm_core_mpu.c.obj)
                0x00000000000020a4                z_arm_configure_dynamic_mpu_regions
 .text.mpu_configure_regions
                0x00000000000020d0       0x88 zephyr/arch/arch/arm/core/aarch32/mpu/libarch__arm__core__aarch32__mpu.a(arm_mpu.c.obj)
 .text.arm_core_mpu_enable
                0x0000000000002158       0x18 zephyr/arch/arch/arm/core/aarch32/mpu/libarch__arm__core__aarch32__mpu.a(arm_mpu.c.obj)
                0x0000000000002158                arm_core_mpu_enable
 .text.arm_core_mpu_disable
                0x0000000000002170       0x14 zephyr/arch/arch/arm/core/aarch32/mpu/libarch__arm__core__aarch32__mpu.a(arm_mpu.c.obj)
                0x0000000000002170                arm_core_mpu_disable
 .text.arm_core_mpu_configure_static_mpu_regions
                0x0000000000002184       0x14 zephyr/arch/arch/arm/core/aarch32/mpu/libarch__arm__core__aarch32__mpu.a(arm_mpu.c.obj)
                0x0000000000002184                arm_core_mpu_configure_static_mpu_regions
 .text.arm_core_mpu_configure_dynamic_mpu_regions
                0x0000000000002198       0x30 zephyr/arch/arch/arm/core/aarch32/mpu/libarch__arm__core__aarch32__mpu.a(arm_mpu.c.obj)
                0x0000000000002198                arm_core_mpu_configure_dynamic_mpu_regions
 .text.z_arm_mpu_init
                0x00000000000021c8       0x60 zephyr/arch/arch/arm/core/aarch32/mpu/libarch__arm__core__aarch32__mpu.a(arm_mpu.c.obj)
                0x00000000000021c8                z_arm_mpu_init
 .text.__stdout_hook_install
                0x0000000000002228        0xc zephyr/lib/libc/minimal/liblib__libc__minimal.a(stdout_console.c.obj)
                0x0000000000002228                __stdout_hook_install
 .text.nordicsemi_nrf52_init
                0x0000000000002234       0x60 zephyr/soc/arm/nordic_nrf/nrf52/libsoc__arm__nordic_nrf__nrf52.a(soc.c.obj)
 .text.sys_arch_reboot
                0x0000000000002294       0x2c zephyr/soc/arm/nordic_nrf/nrf52/libsoc__arm__nordic_nrf__nrf52.a(soc.c.obj)
                0x0000000000002294                sys_arch_reboot
 .text.arch_busy_wait
                0x00000000000022c0       0x14 zephyr/soc/arm/nordic_nrf/nrf52/libsoc__arm__nordic_nrf__nrf52.a(soc.c.obj)
                0x00000000000022c0                arch_busy_wait
 .text.adc_context_start_sampling
                0x00000000000022d4       0x1c zephyr/drivers/adc/libdrivers__adc.a(adc_nrfx_saadc.c.obj)
 .text.adc_nrfx_channel_setup
                0x00000000000022f0       0xd8 zephyr/drivers/adc/libdrivers__adc.a(adc_nrfx_saadc.c.obj)
 .text.adc_nrfx_read
                0x00000000000023c8      0x17c zephyr/drivers/adc/libdrivers__adc.a(adc_nrfx_saadc.c.obj)
 .text.init_saadc
                0x0000000000002544       0x44 zephyr/drivers/adc/libdrivers__adc.a(adc_nrfx_saadc.c.obj)
 .text.saadc_irq_handler
                0x0000000000002588       0xcc zephyr/drivers/adc/libdrivers__adc.a(adc_nrfx_saadc.c.obj)
 .text.onoff_stop
                0x0000000000002654       0x30 zephyr/drivers/clock_control/libdrivers__clock_control.a(clock_control_nrf.c.obj)
 .text.onoff_start
                0x0000000000002684       0x44 zephyr/drivers/clock_control/libdrivers__clock_control.a(clock_control_nrf.c.obj)
 .text.clk_init
                0x00000000000026c8       0x58 zephyr/drivers/clock_control/libdrivers__clock_control.a(clock_control_nrf.c.obj)
 .text.clkstarted_handle.constprop.0
                0x0000000000002720       0x34 zephyr/drivers/clock_control/libdrivers__clock_control.a(clock_control_nrf.c.obj)
 .text.clock_event_handler
                0x0000000000002754       0x1c zephyr/drivers/clock_control/libdrivers__clock_control.a(clock_control_nrf.c.obj)
 .text.generic_hfclk_start
                0x0000000000002770       0x64 zephyr/drivers/clock_control/libdrivers__clock_control.a(clock_control_nrf.c.obj)
 .text.api_blocking_start
                0x00000000000027d4       0x34 zephyr/drivers/clock_control/libdrivers__clock_control.a(clock_control_nrf.c.obj)
 .text.generic_hfclk_stop
                0x0000000000002808       0x34 zephyr/drivers/clock_control/libdrivers__clock_control.a(clock_control_nrf.c.obj)
 .text.z_nrf_clock_control_get_onoff
                0x000000000000283c       0x10 zephyr/drivers/clock_control/libdrivers__clock_control.a(clock_control_nrf.c.obj)
                0x000000000000283c                z_nrf_clock_control_get_onoff
 .text.z_nrf_clock_control_lf_on
                0x000000000000284c       0xfc zephyr/drivers/clock_control/libdrivers__clock_control.a(clock_control_nrf.c.obj)
                0x000000000000284c                z_nrf_clock_control_lf_on
 .text.rtt_console_init
                0x0000000000002948       0x18 zephyr/drivers/console/libdrivers__console.a(rtt_console.c.obj)
 .text.rtt_console_out
                0x0000000000002960       0x58 zephyr/drivers/console/libdrivers__console.a(rtt_console.c.obj)
 .text.gpio_nrfx_pin_interrupt_configure
                0x00000000000029b8       0xd4 zephyr/drivers/gpio/libdrivers__gpio.a(gpio_nrfx.c.obj)
 .text.gpio_nrfx_init
                0x0000000000002a8c       0x38 zephyr/drivers/gpio/libdrivers__gpio.a(gpio_nrfx.c.obj)
 .text.nrfx_gpio_handler
                0x0000000000002ac4       0x4c zephyr/drivers/gpio/libdrivers__gpio.a(gpio_nrfx.c.obj)
 .text.gpio_nrfx_pin_configure
                0x0000000000002b10      0x128 zephyr/drivers/gpio/libdrivers__gpio.a(gpio_nrfx.c.obj)
 .text.i2c_nrfx_twi_recover_bus
                0x0000000000002c38       0x24 zephyr/drivers/i2c/libdrivers__i2c.a(i2c_nrfx_twi.c.obj)
 .text.twi_0_init
                0x0000000000002c5c       0x58 zephyr/drivers/i2c/libdrivers__i2c.a(i2c_nrfx_twi.c.obj)
 .text.event_handler
                0x0000000000002cb4       0x34 zephyr/drivers/i2c/libdrivers__i2c.a(i2c_nrfx_twi.c.obj)
 .text.i2c_nrfx_twi_transfer
                0x0000000000002ce8      0x100 zephyr/drivers/i2c/libdrivers__i2c.a(i2c_nrfx_twi.c.obj)
 .text.pinctrl_configure_pins
                0x0000000000002de8      0x174 zephyr/drivers/pinctrl/libdrivers__pinctrl.a(pinctrl_nrf.c.obj)
                0x0000000000002de8                pinctrl_configure_pins
 .text.hfclk_on_callback
                0x0000000000002f5c        0xc zephyr/drivers/sensor/nrf5/libdrivers__sensor__nrf5.a(temp_nrf5.c.obj)
 .text.temp_nrf5_channel_get
                0x0000000000002f68       0x2c zephyr/drivers/sensor/nrf5/libdrivers__sensor__nrf5.a(temp_nrf5.c.obj)
 .text.temp_nrf5_isr
                0x0000000000002f94       0x18 zephyr/drivers/sensor/nrf5/libdrivers__sensor__nrf5.a(temp_nrf5.c.obj)
 .text.temp_nrf5_sample_fetch
                0x0000000000002fac       0x78 zephyr/drivers/sensor/nrf5/libdrivers__sensor__nrf5.a(temp_nrf5.c.obj)
 .text.temp_nrf5_init
                0x0000000000003024       0x40 zephyr/drivers/sensor/nrf5/libdrivers__sensor__nrf5.a(temp_nrf5.c.obj)
 .text.uarte_nrfx_configure
                0x0000000000003064      0x168 zephyr/drivers/serial/libdrivers__serial.a(uart_nrfx_uarte.c.obj)
 .text.uarte_0_init
                0x00000000000031cc       0xfc zephyr/drivers/serial/libdrivers__serial.a(uart_nrfx_uarte.c.obj)
 .text.uarte_nrfx_poll_out
                0x00000000000032c8       0xcc zephyr/drivers/serial/libdrivers__serial.a(uart_nrfx_uarte.c.obj)
 .text.transfer_next_chunk
                0x0000000000003394       0x6c zephyr/drivers/spi/libdrivers__spi.a(spi_nrfx_spi.c.obj)
 .text.spi_nrfx_transceive
                0x0000000000003400      0x2bc zephyr/drivers/spi/libdrivers__spi.a(spi_nrfx_spi.c.obj)
 .text.transfer_next_chunk
                0x00000000000036bc       0x98 zephyr/drivers/spi/libdrivers__spi.a(spi_nrfx_spim.c.obj)
 .text.spi_nrfx_transceive
                0x0000000000003754      0x2ec zephyr/drivers/spi/libdrivers__spi.a(spi_nrfx_spim.c.obj)
 .text.compare_int_lock
                0x0000000000003a40       0x48 zephyr/drivers/timer/libdrivers__timer.a(nrf_rtc_timer.c.obj)
 .text.sys_clock_timeout_handler
                0x0000000000003a88       0x48 zephyr/drivers/timer/libdrivers__timer.a(nrf_rtc_timer.c.obj)
 .text.compare_int_unlock
                0x0000000000003ad0       0x5c zephyr/drivers/timer/libdrivers__timer.a(nrf_rtc_timer.c.obj)
 .text.z_nrf_rtc_timer_read
                0x0000000000003b2c       0x44 zephyr/drivers/timer/libdrivers__timer.a(nrf_rtc_timer.c.obj)
                0x0000000000003b2c                z_nrf_rtc_timer_read
 .text.compare_set
                0x0000000000003b70      0x11c zephyr/drivers/timer/libdrivers__timer.a(nrf_rtc_timer.c.obj)
 .text.sys_clock_driver_init
                0x0000000000003c8c       0x8c zephyr/drivers/timer/libdrivers__timer.a(nrf_rtc_timer.c.obj)
 .text.rtc_nrf_isr
                0x0000000000003d18       0xd4 zephyr/drivers/timer/libdrivers__timer.a(nrf_rtc_timer.c.obj)
                0x0000000000003d18                rtc_nrf_isr
 .text.sys_clock_set_timeout
                0x0000000000003dec       0x64 zephyr/drivers/timer/libdrivers__timer.a(nrf_rtc_timer.c.obj)
                0x0000000000003dec                sys_clock_set_timeout
 .text.sys_clock_elapsed
                0x0000000000003e50       0x14 zephyr/drivers/timer/libdrivers__timer.a(nrf_rtc_timer.c.obj)
                0x0000000000003e50                sys_clock_elapsed
 .text.sys_clock_disable
                0x0000000000003e64       0x30 zephyr/drivers/timer/libdrivers__timer.a(nrf_rtc_timer.c.obj)
                0x0000000000003e64                sys_clock_disable
 .text.__NVIC_SystemReset
                0x0000000000003e94       0x24 modules/hal_nordic/nrfx/libmodules__hal_nordic__nrfx.a(system_nrf52840.c.obj)
 .text.nrf52_errata_98
                0x0000000000003eb8       0x24 modules/hal_nordic/nrfx/libmodules__hal_nordic__nrfx.a(system_nrf52840.c.obj)
 .text.nvmc_wait
                0x0000000000003edc       0x10 modules/hal_nordic/nrfx/libmodules__hal_nordic__nrfx.a(system_nrf52840.c.obj)
                0x0000000000003edc                nvmc_wait
 .text.SystemInit
                0x0000000000003eec      0x1ec modules/hal_nordic/nrfx/libmodules__hal_nordic__nrfx.a(system_nrf52840.c.obj)
                0x0000000000003eec                SystemInit
 .text.nrfx_flag32_alloc
                0x00000000000040d8       0x40 modules/hal_nordic/nrfx/libmodules__hal_nordic__nrfx.a(nrfx_flag32_allocator.c.obj)
                0x00000000000040d8                nrfx_flag32_alloc
 .text.nrfx_flag32_free
                0x0000000000004118       0x40 modules/hal_nordic/nrfx/libmodules__hal_nordic__nrfx.a(nrfx_flag32_allocator.c.obj)
                0x0000000000004118                nrfx_flag32_free
 .text.clock_stop
                0x0000000000004158       0xc8 modules/hal_nordic/nrfx/libmodules__hal_nordic__nrfx.a(nrfx_clock.c.obj)
 .text.nrfx_clock_init
                0x0000000000004220       0x20 modules/hal_nordic/nrfx/libmodules__hal_nordic__nrfx.a(nrfx_clock.c.obj)
                0x0000000000004220                nrfx_clock_init
 .text.nrfx_power_clock_irq_handler
                0x0000000000004240       0x68 modules/hal_nordic/nrfx/libmodules__hal_nordic__nrfx.a(nrfx_clock.c.obj)
                0x0000000000004240                nrfx_power_clock_irq_handler
 .text.nrf_gpio_pin_port_decode
                0x00000000000042a8       0x1c modules/hal_nordic/nrfx/libmodules__hal_nordic__nrfx.a(nrfx_gpiote.c.obj)
 .text.pin_in_use_by_te
                0x00000000000042c4       0x14 modules/hal_nordic/nrfx/libmodules__hal_nordic__nrfx.a(nrfx_gpiote.c.obj)
 .text.call_handler
                0x00000000000042d8       0x3c modules/hal_nordic/nrfx/libmodules__hal_nordic__nrfx.a(nrfx_gpiote.c.obj)
 .text.release_handler
                0x0000000000004314       0x58 modules/hal_nordic/nrfx/libmodules__hal_nordic__nrfx.a(nrfx_gpiote.c.obj)
 .text.pin_handler_trigger_uninit
                0x000000000000436c       0x38 modules/hal_nordic/nrfx/libmodules__hal_nordic__nrfx.a(nrfx_gpiote.c.obj)
 .text.nrfx_gpiote_input_configure
                0x00000000000043a4      0x15c modules/hal_nordic/nrfx/libmodules__hal_nordic__nrfx.a(nrfx_gpiote.c.obj)
                0x00000000000043a4                nrfx_gpiote_input_configure
 .text.nrfx_gpiote_output_configure
                0x0000000000004500       0xe4 modules/hal_nordic/nrfx/libmodules__hal_nordic__nrfx.a(nrfx_gpiote.c.obj)
                0x0000000000004500                nrfx_gpiote_output_configure
 .text.nrfx_gpiote_global_callback_set
                0x00000000000045e4        0xc modules/hal_nordic/nrfx/libmodules__hal_nordic__nrfx.a(nrfx_gpiote.c.obj)
                0x00000000000045e4                nrfx_gpiote_global_callback_set
 .text.nrfx_gpiote_channel_get
                0x00000000000045f0       0x2c modules/hal_nordic/nrfx/libmodules__hal_nordic__nrfx.a(nrfx_gpiote.c.obj)
                0x00000000000045f0                nrfx_gpiote_channel_get
 .text.nrfx_gpiote_init
                0x000000000000461c       0x50 modules/hal_nordic/nrfx/libmodules__hal_nordic__nrfx.a(nrfx_gpiote.c.obj)
                0x000000000000461c                nrfx_gpiote_init
 .text.nrfx_gpiote_is_init
                0x000000000000466c       0x14 modules/hal_nordic/nrfx/libmodules__hal_nordic__nrfx.a(nrfx_gpiote.c.obj)
                0x000000000000466c                nrfx_gpiote_is_init
 .text.nrfx_gpiote_channel_free
                0x0000000000004680        0xc modules/hal_nordic/nrfx/libmodules__hal_nordic__nrfx.a(nrfx_gpiote.c.obj)
                0x0000000000004680                nrfx_gpiote_channel_free
 .text.nrfx_gpiote_channel_alloc
                0x000000000000468c        0xc modules/hal_nordic/nrfx/libmodules__hal_nordic__nrfx.a(nrfx_gpiote.c.obj)
                0x000000000000468c                nrfx_gpiote_channel_alloc
 .text.nrfx_gpiote_trigger_enable
                0x0000000000004698       0x90 modules/hal_nordic/nrfx/libmodules__hal_nordic__nrfx.a(nrfx_gpiote.c.obj)
                0x0000000000004698                nrfx_gpiote_trigger_enable
 .text.nrfx_gpiote_trigger_disable
                0x0000000000004728       0x50 modules/hal_nordic/nrfx/libmodules__hal_nordic__nrfx.a(nrfx_gpiote.c.obj)
                0x0000000000004728                nrfx_gpiote_trigger_disable
 .text.nrfx_gpiote_pin_uninit
                0x0000000000004778       0x48 modules/hal_nordic/nrfx/libmodules__hal_nordic__nrfx.a(nrfx_gpiote.c.obj)
                0x0000000000004778                nrfx_gpiote_pin_uninit
 .text.nrfx_gpiote_irq_handler
                0x00000000000047c0      0x1bc modules/hal_nordic/nrfx/libmodules__hal_nordic__nrfx.a(nrfx_gpiote.c.obj)
                0x00000000000047c0                nrfx_gpiote_irq_handler
 .text.nrfx_ppi_channel_alloc
                0x000000000000497c        0xc modules/hal_nordic/nrfx/libmodules__hal_nordic__nrfx.a(nrfx_ppi.c.obj)
                0x000000000000497c                nrfx_ppi_channel_alloc
 .text.nrf_gpio_pin_port_decode
                0x0000000000004988       0x1c modules/hal_nordic/nrfx/libmodules__hal_nordic__nrfx.a(nrfx_spi.c.obj)
 .text.nrfx_spi_init
                0x00000000000049a4      0x15c modules/hal_nordic/nrfx/libmodules__hal_nordic__nrfx.a(nrfx_spi.c.obj)
                0x00000000000049a4                nrfx_spi_init
 .text.nrfx_spi_uninit
                0x0000000000004b00       0x70 modules/hal_nordic/nrfx/libmodules__hal_nordic__nrfx.a(nrfx_spi.c.obj)
                0x0000000000004b00                nrfx_spi_uninit
 .text.nrfx_spi_xfer
                0x0000000000004b70       0xfc modules/hal_nordic/nrfx/libmodules__hal_nordic__nrfx.a(nrfx_spi.c.obj)
                0x0000000000004b70                nrfx_spi_xfer
 .text.nrfx_spi_1_irq_handler
                0x0000000000004c6c       0x10 modules/hal_nordic/nrfx/libmodules__hal_nordic__nrfx.a(nrfx_spi.c.obj)
                0x0000000000004c6c                nrfx_spi_1_irq_handler
 .text.nrf_gpio_pin_port_decode
                0x0000000000004c7c       0x1c modules/hal_nordic/nrfx/libmodules__hal_nordic__nrfx.a(nrfx_spim.c.obj)
 .text.nrfx_spim_init
                0x0000000000004c98      0x200 modules/hal_nordic/nrfx/libmodules__hal_nordic__nrfx.a(nrfx_spim.c.obj)
                0x0000000000004c98                nrfx_spim_init
 .text.nrfx_spim_uninit
                0x0000000000004e98       0xbc modules/hal_nordic/nrfx/libmodules__hal_nordic__nrfx.a(nrfx_spim.c.obj)
                0x0000000000004e98                nrfx_spim_uninit
 .text.nrfx_spim_xfer
                0x0000000000004f54      0x178 modules/hal_nordic/nrfx/libmodules__hal_nordic__nrfx.a(nrfx_spim.c.obj)
                0x0000000000004f54                nrfx_spim_xfer
 .text.nrfx_spim_3_irq_handler
                0x00000000000050cc       0x4c modules/hal_nordic/nrfx/libmodules__hal_nordic__nrfx.a(nrfx_spim.c.obj)
                0x00000000000050cc                nrfx_spim_3_irq_handler
 .text.twi_tx_start_transfer
                0x0000000000005118      0x104 modules/hal_nordic/nrfx/libmodules__hal_nordic__nrfx.a(nrfx_twi.c.obj)
 .text.twi_rx_start_transfer
                0x000000000000521c       0xe4 modules/hal_nordic/nrfx/libmodules__hal_nordic__nrfx.a(nrfx_twi.c.obj)
 .text.nrfx_twi_init
                0x0000000000005300       0xc4 modules/hal_nordic/nrfx/libmodules__hal_nordic__nrfx.a(nrfx_twi.c.obj)
                0x0000000000005300                nrfx_twi_init
 .text.nrfx_twi_enable
                0x00000000000053c4       0x20 modules/hal_nordic/nrfx/libmodules__hal_nordic__nrfx.a(nrfx_twi.c.obj)
                0x00000000000053c4                nrfx_twi_enable
 .text.nrfx_twi_disable
                0x00000000000053e4       0x38 modules/hal_nordic/nrfx/libmodules__hal_nordic__nrfx.a(nrfx_twi.c.obj)
                0x00000000000053e4                nrfx_twi_disable
 .text.nrfx_twi_xfer
                0x000000000000541c       0xdc modules/hal_nordic/nrfx/libmodules__hal_nordic__nrfx.a(nrfx_twi.c.obj)
                0x000000000000541c                nrfx_twi_xfer
 .text.nrfx_twi_0_irq_handler
                0x00000000000054f8       0x10 modules/hal_nordic/nrfx/libmodules__hal_nordic__nrfx.a(nrfx_twi.c.obj)
                0x00000000000054f8                nrfx_twi_0_irq_handler
 .text.nrf_gpio_pin_port_decode
                0x0000000000005508       0x1c modules/hal_nordic/nrfx/libmodules__hal_nordic__nrfx.a(nrfx_twi_twim.c.obj)
 .text.nrfx_twi_twim_bus_recover
                0x0000000000005524       0xc8 modules/hal_nordic/nrfx/libmodules__hal_nordic__nrfx.a(nrfx_twi_twim.c.obj)
                0x0000000000005524                nrfx_twi_twim_bus_recover
 .text._DoInit  0x00000000000055ec       0x6c modules/segger/libmodules__segger.a(SEGGER_RTT.c.obj)
 .text.SEGGER_RTT_WriteNoLock
                0x0000000000005658       0x58 modules/segger/libmodules__segger.a(SEGGER_RTT.c.obj)
                0x0000000000005658                SEGGER_RTT_WriteNoLock
 .text.z_sys_init_run_level
                0x00000000000056b0       0x48 zephyr/kernel/libkernel.a(init.c.obj)
 .text.bg_thread_main
                0x00000000000056f8       0x34 zephyr/kernel/libkernel.a(init.c.obj)
 .text.z_bss_zero
                0x000000000000572c       0x18 zephyr/kernel/libkernel.a(init.c.obj)
                0x000000000000572c                z_bss_zero
 .text.z_init_cpu
                0x0000000000005744       0x70 zephyr/kernel/libkernel.a(init.c.obj)
                0x0000000000005744                z_init_cpu
 .text.z_cstart
                0x00000000000057b4       0xe0 zephyr/kernel/libkernel.a(init.c.obj)
                0x00000000000057b4                z_cstart
 .text.init_mem_slab_module
                0x0000000000005894       0x24 zephyr/kernel/libkernel.a(mem_slab.c.obj)
 .text.k_mem_slab_alloc
                0x00000000000058b8       0x5c zephyr/kernel/libkernel.a(mem_slab.c.obj)
                0x00000000000058b8                k_mem_slab_alloc
 .text.z_setup_new_thread
                0x0000000000005914       0x64 zephyr/kernel/libkernel.a(thread.c.obj)
                0x0000000000005914                z_setup_new_thread
 .text.z_impl_k_thread_create
                0x0000000000005978       0x58 zephyr/kernel/libkernel.a(thread.c.obj)
                0x0000000000005978                z_impl_k_thread_create
 .text.z_init_static_threads
                0x00000000000059d0       0xb8 zephyr/kernel/libkernel.a(thread.c.obj)
                0x00000000000059d0                z_init_static_threads
 .text.idle     0x0000000000005a88       0x38 zephyr/kernel/libkernel.a(idle.c.obj)
                0x0000000000005a88                idle
 .text.z_impl_k_mutex_lock
                0x0000000000005ac0       0xf4 zephyr/kernel/libkernel.a(mutex.c.obj)
                0x0000000000005ac0                z_impl_k_mutex_lock
 .text.z_impl_k_mutex_unlock
                0x0000000000005bb4       0x78 zephyr/kernel/libkernel.a(mutex.c.obj)
                0x0000000000005bb4                z_impl_k_mutex_unlock
 .text.z_impl_k_sem_give
                0x0000000000005c2c       0x40 zephyr/kernel/libkernel.a(sem.c.obj)
                0x0000000000005c2c                z_impl_k_sem_give
 .text.z_impl_k_sem_take
                0x0000000000005c6c       0x50 zephyr/kernel/libkernel.a(sem.c.obj)
                0x0000000000005c6c                z_impl_k_sem_take
 .text.z_impl_k_sem_reset
                0x0000000000005cbc       0x3c zephyr/kernel/libkernel.a(sem.c.obj)
                0x0000000000005cbc                z_impl_k_sem_reset
 .text.k_work_queue_start
                0x0000000000005cf8       0x70 zephyr/kernel/libkernel.a(work.c.obj)
                0x0000000000005cf8                k_work_queue_start
 .text.sliceable
                0x0000000000005d68       0x3c zephyr/kernel/libkernel.a(sched.c.obj)
 .text.slice_timeout
                0x0000000000005da4       0x20 zephyr/kernel/libkernel.a(sched.c.obj)
 .text.z_reset_time_slice
                0x0000000000005dc4       0x50 zephyr/kernel/libkernel.a(sched.c.obj)
                0x0000000000005dc4                z_reset_time_slice
 .text.update_cache
                0x0000000000005e14       0x3c zephyr/kernel/libkernel.a(sched.c.obj)
 .text.move_thread_to_end_of_prio_q
                0x0000000000005e50       0x74 zephyr/kernel/libkernel.a(sched.c.obj)
 .text.ready_thread
                0x0000000000005ec4       0x68 zephyr/kernel/libkernel.a(sched.c.obj)
 .text.unready_thread
                0x0000000000005f2c       0x30 zephyr/kernel/libkernel.a(sched.c.obj)
 .text.pend_locked
                0x0000000000005f5c       0x30 zephyr/kernel/libkernel.a(sched.c.obj)
 .text.z_time_slice
                0x0000000000005f8c       0x60 zephyr/kernel/libkernel.a(sched.c.obj)
                0x0000000000005f8c                z_time_slice
 .text.z_pend_curr
                0x0000000000005fec       0x3c zephyr/kernel/libkernel.a(sched.c.obj)
                0x0000000000005fec                z_pend_curr
 .text.z_set_prio
                0x0000000000006028       0x8c zephyr/kernel/libkernel.a(sched.c.obj)
                0x0000000000006028                z_set_prio
 .text.z_reschedule
                0x00000000000060b4       0x24 zephyr/kernel/libkernel.a(sched.c.obj)
                0x00000000000060b4                z_reschedule
 .text.z_sched_start
                0x00000000000060d8       0x3c zephyr/kernel/libkernel.a(sched.c.obj)
                0x00000000000060d8                z_sched_start
 .text.z_impl_k_thread_suspend
                0x0000000000006114       0x64 zephyr/kernel/libkernel.a(sched.c.obj)
                0x0000000000006114                z_impl_k_thread_suspend
 .text.k_sched_lock
                0x0000000000006178       0x28 zephyr/kernel/libkernel.a(sched.c.obj)
                0x0000000000006178                k_sched_lock
 .text.k_sched_unlock
                0x00000000000061a0       0x38 zephyr/kernel/libkernel.a(sched.c.obj)
                0x00000000000061a0                k_sched_unlock
 .text.z_sched_init
                0x00000000000061d8       0x10 zephyr/kernel/libkernel.a(sched.c.obj)
                0x00000000000061d8                z_sched_init
 .text.z_impl_k_yield
                0x00000000000061e8       0x7c zephyr/kernel/libkernel.a(sched.c.obj)
                0x00000000000061e8                z_impl_k_yield
 .text.z_tick_sleep
                0x0000000000006264       0x88 zephyr/kernel/libkernel.a(sched.c.obj)
 .text.z_impl_k_sleep
                0x00000000000062ec       0x34 zephyr/kernel/libkernel.a(sched.c.obj)
                0x00000000000062ec                z_impl_k_sleep
 .text.z_impl_z_current_get
                0x0000000000006320        0xc zephyr/kernel/libkernel.a(sched.c.obj)
                0x0000000000006320                z_impl_z_current_get
 .text.z_thread_abort
                0x000000000000632c       0xc0 zephyr/kernel/libkernel.a(sched.c.obj)
                0x000000000000632c                z_thread_abort
 .text.z_sched_wait
                0x00000000000063ec       0x24 zephyr/kernel/libkernel.a(sched.c.obj)
                0x00000000000063ec                z_sched_wait
 .text.z_data_copy
                0x0000000000006410       0x34 zephyr/kernel/libkernel.a(xip.c.obj)
                0x0000000000006410                z_data_copy
 .text.elapsed  0x0000000000006444       0x14 zephyr/kernel/libkernel.a(timeout.c.obj)
 .text.next_timeout
                0x0000000000006458       0x40 zephyr/kernel/libkernel.a(timeout.c.obj)
 .text.remove_timeout
                0x0000000000006498       0x38 zephyr/kernel/libkernel.a(timeout.c.obj)
 .text.z_add_timeout
                0x00000000000064d0       0xec zephyr/kernel/libkernel.a(timeout.c.obj)
                0x00000000000064d0                z_add_timeout
 .text.sys_clock_announce
                0x00000000000065bc       0xd4 zephyr/kernel/libkernel.a(timeout.c.obj)
                0x00000000000065bc                sys_clock_announce
 .text.sys_clock_tick_get
                0x0000000000006690       0x34 zephyr/kernel/libkernel.a(timeout.c.obj)
                0x0000000000006690                sys_clock_tick_get
 .text.z_timer_expiration_handler
                0x00000000000066c4       0xe4 zephyr/kernel/libkernel.a(timer.c.obj)
                0x00000000000066c4                z_timer_expiration_handler
 .text.z_impl_k_timer_start
                0x00000000000067a8       0x5c zephyr/kernel/libkernel.a(timer.c.obj)
                0x00000000000067a8                z_impl_k_timer_start
 .text.k_thread_system_pool_assign
                0x0000000000006804        0xc zephyr/kernel/libkernel.a(mempool.c.obj)
                0x0000000000006804                k_thread_system_pool_assign
 .text.boot_banner
                0x0000000000006810        0xc zephyr/kernel/libkernel.a(banner.c.obj)
                0x0000000000006810                boot_banner
 .text.statics_init
                0x000000000000681c       0x24 zephyr/kernel/libkernel.a(kheap.c.obj)
 .text.k_sys_work_q_init
                0x0000000000006840       0x34 zephyr/kernel/libkernel.a(system_work_q.c.obj)
 .text.nrf_cc3xx_platform_init_no_rng
                0x0000000000006874       0x38 D:/project/52840/v2.4.0/nrfxlib/crypto/nrf_cc310_platform/lib/cortex-m4/hard-float/no-interrupts/libnrf_cc310_platform_0.9.17.a(nrf_cc3xx_platform.c.obj)
                0x0000000000006874                nrf_cc3xx_platform_init_no_rng
 .text.nrf_cc3xx_platform_abort
                0x00000000000068ac       0x24 D:/project/52840/v2.4.0/nrfxlib/crypto/nrf_cc310_platform/lib/cortex-m4/hard-float/no-interrupts/libnrf_cc310_platform_0.9.17.a(nrf_cc3xx_platform_abort.c.obj)
 .text.CC_PalAbort
                0x00000000000068d0       0x38 D:/project/52840/v2.4.0/nrfxlib/crypto/nrf_cc310_platform/lib/cortex-m4/hard-float/no-interrupts/libnrf_cc310_platform_0.9.17.a(nrf_cc3xx_platform_abort.c.obj)
                0x00000000000068d0                CC_PalAbort
 .text.nrf_cc3xx_platform_set_abort
                0x0000000000006908       0x10 D:/project/52840/v2.4.0/nrfxlib/crypto/nrf_cc310_platform/lib/cortex-m4/hard-float/no-interrupts/libnrf_cc310_platform_0.9.17.a(nrf_cc3xx_platform_abort.c.obj)
                0x0000000000006908                nrf_cc3xx_platform_set_abort
 .text.mutex_free
                0x0000000000006918       0x34 D:/project/52840/v2.4.0/nrfxlib/crypto/nrf_cc310_platform/lib/cortex-m4/hard-float/no-interrupts/libnrf_cc310_platform_0.9.17.a(nrf_cc3xx_platform_mutex.c.obj)
 .text.mutex_lock
                0x000000000000694c       0x48 D:/project/52840/v2.4.0/nrfxlib/crypto/nrf_cc310_platform/lib/cortex-m4/hard-float/no-interrupts/libnrf_cc310_platform_0.9.17.a(nrf_cc3xx_platform_mutex.c.obj)
 .text.mutex_unlock
                0x0000000000006994       0x38 D:/project/52840/v2.4.0/nrfxlib/crypto/nrf_cc310_platform/lib/cortex-m4/hard-float/no-interrupts/libnrf_cc310_platform_0.9.17.a(nrf_cc3xx_platform_mutex.c.obj)
 .text.mutex_init
                0x00000000000069cc       0x20 D:/project/52840/v2.4.0/nrfxlib/crypto/nrf_cc310_platform/lib/cortex-m4/hard-float/no-interrupts/libnrf_cc310_platform_0.9.17.a(nrf_cc3xx_platform_mutex.c.obj)
 .text.nrf_cc3xx_platform_set_mutexes
                0x00000000000069ec       0x6c D:/project/52840/v2.4.0/nrfxlib/crypto/nrf_cc310_platform/lib/cortex-m4/hard-float/no-interrupts/libnrf_cc310_platform_0.9.17.a(nrf_cc3xx_platform_mutex.c.obj)
                0x00000000000069ec                nrf_cc3xx_platform_set_mutexes
 .text.CC_LibInitNoRng
                0x0000000000006a58       0x64 D:/project/52840/v2.4.0/nrfxlib/crypto/nrf_cc310_platform/lib/cortex-m4/hard-float/no-interrupts/libnrf_cc310_platform_0.9.17.a(cc_lib.c.obj)
                0x0000000000006a58                CC_LibInitNoRng
 .text.CC_HalInit
                0x0000000000006abc        0x4 D:/project/52840/v2.4.0/nrfxlib/crypto/nrf_cc310_platform/lib/cortex-m4/hard-float/no-interrupts/libnrf_cc310_platform_0.9.17.a(cc_hal.c.obj)
                0x0000000000006abc                CC_HalInit
 .text.CC_HalTerminate
                0x0000000000006ac0        0x4 D:/project/52840/v2.4.0/nrfxlib/crypto/nrf_cc310_platform/lib/cortex-m4/hard-float/no-interrupts/libnrf_cc310_platform_0.9.17.a(cc_hal.c.obj)
                0x0000000000006ac0                CC_HalTerminate
 .text.CC_HalMaskInterrupt
                0x0000000000006ac4        0xc D:/project/52840/v2.4.0/nrfxlib/crypto/nrf_cc310_platform/lib/cortex-m4/hard-float/no-interrupts/libnrf_cc310_platform_0.9.17.a(cc_hal.c.obj)
                0x0000000000006ac4                CC_HalMaskInterrupt
 .text.CC_PalInit
                0x0000000000006ad0       0x5c D:/project/52840/v2.4.0/nrfxlib/crypto/nrf_cc310_platform/lib/cortex-m4/hard-float/no-interrupts/libnrf_cc310_platform_0.9.17.a(cc_pal.c.obj)
                0x0000000000006ad0                CC_PalInit
 .text.CC_PalTerminate
                0x0000000000006b2c       0x34 D:/project/52840/v2.4.0/nrfxlib/crypto/nrf_cc310_platform/lib/cortex-m4/hard-float/no-interrupts/libnrf_cc310_platform_0.9.17.a(cc_pal.c.obj)
                0x0000000000006b2c                CC_PalTerminate
 .text.CC_PalDmaInit
                0x0000000000006b60        0x4 D:/project/52840/v2.4.0/nrfxlib/crypto/nrf_cc310_platform/lib/cortex-m4/hard-float/no-interrupts/libnrf_cc310_platform_0.9.17.a(cc_pal_dma.c.obj)
                0x0000000000006b60                CC_PalDmaInit
 .text.CC_PalDmaTerminate
                0x0000000000006b64        0x4 D:/project/52840/v2.4.0/nrfxlib/crypto/nrf_cc310_platform/lib/cortex-m4/hard-float/no-interrupts/libnrf_cc310_platform_0.9.17.a(cc_pal_dma.c.obj)
                0x0000000000006b64                CC_PalDmaTerminate
 .text.CC_PalMutexCreate
                0x0000000000006b68       0x14 D:/project/52840/v2.4.0/nrfxlib/crypto/nrf_cc310_platform/lib/cortex-m4/hard-float/no-interrupts/libnrf_cc310_platform_0.9.17.a(cc_pal_mutex.c.obj)
                0x0000000000006b68                CC_PalMutexCreate
 .text.CC_PalMutexDestroy
                0x0000000000006b7c       0x14 D:/project/52840/v2.4.0/nrfxlib/crypto/nrf_cc310_platform/lib/cortex-m4/hard-float/no-interrupts/libnrf_cc310_platform_0.9.17.a(cc_pal_mutex.c.obj)
                0x0000000000006b7c                CC_PalMutexDestroy
 .text.CC_PalPowerSaveModeInit
                0x0000000000006b90       0x3c D:/project/52840/v2.4.0/nrfxlib/crypto/nrf_cc310_platform/lib/cortex-m4/hard-float/no-interrupts/libnrf_cc310_platform_0.9.17.a(cc_pal_pm.c.obj)
                0x0000000000006b90                CC_PalPowerSaveModeInit
 .text.CC_PalPowerSaveModeSelect
                0x0000000000006bcc       0x84 D:/project/52840/v2.4.0/nrfxlib/crypto/nrf_cc310_platform/lib/cortex-m4/hard-float/no-interrupts/libnrf_cc310_platform_0.9.17.a(cc_pal_pm.c.obj)
                0x0000000000006bcc                CC_PalPowerSaveModeSelect
 .text.arch_printk_char_out
                0x0000000000006c50        0x4 zephyr/libzephyr.a(printk.c.obj)
                0x0000000000006c50                arch_printk_char_out
 .text.printk   0x0000000000006c54       0x1a zephyr/libzephyr.a(printk.c.obj)
                0x0000000000006c54                printk
 .text.z_thread_entry
                0x0000000000006c6e       0x14 zephyr/libzephyr.a(thread_entry.c.obj)
                0x0000000000006c6e                z_thread_entry
 .text.chunk_size
                0x0000000000006c82        0xa zephyr/libzephyr.a(heap.c.obj)
 .text.free_list_add
                0x0000000000006c8c       0x4e zephyr/libzephyr.a(heap.c.obj)
 .text.sys_heap_init
                0x0000000000006cda       0x70 zephyr/libzephyr.a(heap.c.obj)
                0x0000000000006cda                sys_heap_init
 .text.process_recheck
                0x0000000000006d4a       0x38 zephyr/libzephyr.a(onoff.c.obj)
 .text.validate_args
                0x0000000000006d82       0x20 zephyr/libzephyr.a(onoff.c.obj)
 .text.notify_one
                0x0000000000006da2       0x2c zephyr/libzephyr.a(onoff.c.obj)
 .text.transition_complete
                0x0000000000006dce       0x1e zephyr/libzephyr.a(onoff.c.obj)
 .text.onoff_manager_init
                0x0000000000006dec       0x26 zephyr/libzephyr.a(onoff.c.obj)
                0x0000000000006dec                onoff_manager_init
 .text.onoff_request
                0x0000000000006e12       0xb0 zephyr/libzephyr.a(onoff.c.obj)
                0x0000000000006e12                onoff_request
 .text.onoff_release
                0x0000000000006ec2       0x4a zephyr/libzephyr.a(onoff.c.obj)
                0x0000000000006ec2                onoff_release
 .text.sys_notify_validate
                0x0000000000006f0c       0x22 zephyr/libzephyr.a(notify.c.obj)
                0x0000000000006f0c                sys_notify_validate
 .text.sys_notify_finalize
                0x0000000000006f2e       0x1a zephyr/libzephyr.a(notify.c.obj)
                0x0000000000006f2e                sys_notify_finalize
 .text._ldiv5   0x0000000000006f48       0x30 zephyr/libzephyr.a(cbprintf_complete.c.obj)
 .text._get_digit
                0x0000000000006f78       0x2e zephyr/libzephyr.a(cbprintf_complete.c.obj)
 .text.encode_uint
                0x0000000000006fa6       0x8c zephyr/libzephyr.a(cbprintf_complete.c.obj)
 .text.outs     0x0000000000007032       0x2e zephyr/libzephyr.a(cbprintf_complete.c.obj)
 .text._ConfigAbsSyms
                0x0000000000007060        0x2 zephyr/libzephyr.a(configs.c.obj)
                0x0000000000007060                _ConfigAbsSyms
 .text.abort_function
                0x0000000000007062        0x8 zephyr/libzephyr.a(nrf_cc3xx_platform_abort_zephyr.c.obj)
 .text.z_arm_fatal_error
                0x000000000000706a        0x4 zephyr/arch/arch/arm/core/aarch32/libarch__arm__core__aarch32.a(fatal.c.obj)
                0x000000000000706a                z_arm_fatal_error
 .text.z_do_kernel_oops
                0x000000000000706e        0x8 zephyr/arch/arch/arm/core/aarch32/libarch__arm__core__aarch32.a(fatal.c.obj)
                0x000000000000706e                z_do_kernel_oops
 .text.z_irq_spurious
                0x0000000000007076        0x8 zephyr/arch/arch/arm/core/aarch32/libarch__arm__core__aarch32.a(irq_manage.c.obj)
                0x0000000000007076                z_irq_spurious
 .text.z_arm_nmi
                0x000000000000707e        0xe zephyr/arch/arch/arm/core/aarch32/libarch__arm__core__aarch32.a(nmi.c.obj)
                0x000000000000707e                z_arm_nmi
 .text.strcpy   0x000000000000708c       0x14 zephyr/lib/libc/minimal/liblib__libc__minimal.a(string.c.obj)
                0x000000000000708c                strcpy
 .text.strlen   0x00000000000070a0        0xe zephyr/lib/libc/minimal/liblib__libc__minimal.a(string.c.obj)
                0x00000000000070a0                strlen
 .text.strnlen  0x00000000000070ae       0x12 zephyr/lib/libc/minimal/liblib__libc__minimal.a(string.c.obj)
                0x00000000000070ae                strnlen
 .text.memcpy   0x00000000000070c0       0x16 zephyr/lib/libc/minimal/liblib__libc__minimal.a(string.c.obj)
                0x00000000000070c0                memcpy
 .text.memset   0x00000000000070d6       0x12 zephyr/lib/libc/minimal/liblib__libc__minimal.a(string.c.obj)
                0x00000000000070d6                memset
 .text._stdout_hook_default
                0x00000000000070e8        0x6 zephyr/lib/libc/minimal/liblib__libc__minimal.a(stdout_console.c.obj)
 .text.pm_state_set
                0x00000000000070ee       0x18 zephyr/soc/arm/nordic_nrf/nrf52/libsoc__arm__nordic_nrf__nrf52.a(power.c.obj)
                0x00000000000070ee                pm_state_set
 .text.pm_state_exit_post_ops
                0x0000000000007106        0xc zephyr/soc/arm/nordic_nrf/nrf52/libsoc__arm__nordic_nrf__nrf52.a(power.c.obj)
                0x0000000000007106                pm_state_exit_post_ops
 .text.adc_context_on_timer_expired
                0x0000000000007112       0x32 zephyr/drivers/adc/libdrivers__adc.a(adc_nrfx_saadc.c.obj)
 .text.get_status
                0x0000000000007144       0x12 zephyr/drivers/clock_control/libdrivers__clock_control.a(clock_control_nrf.c.obj)
 .text.set_on_state
                0x0000000000007156       0x26 zephyr/drivers/clock_control/libdrivers__clock_control.a(clock_control_nrf.c.obj)
 .text.stop     0x000000000000717c       0x54 zephyr/drivers/clock_control/libdrivers__clock_control.a(clock_control_nrf.c.obj)
 .text.api_stop
                0x00000000000071d0        0x6 zephyr/drivers/clock_control/libdrivers__clock_control.a(clock_control_nrf.c.obj)
 .text.async_start
                0x00000000000071d6       0x5e zephyr/drivers/clock_control/libdrivers__clock_control.a(clock_control_nrf.c.obj)
 .text.api_start
                0x0000000000007234        0xe zephyr/drivers/clock_control/libdrivers__clock_control.a(clock_control_nrf.c.obj)
 .text.onoff_started_callback
                0x0000000000007242       0x14 zephyr/drivers/clock_control/libdrivers__clock_control.a(clock_control_nrf.c.obj)
 .text.lfclk_start
                0x0000000000007256        0x6 zephyr/drivers/clock_control/libdrivers__clock_control.a(clock_control_nrf.c.obj)
 .text.lfclk_stop
                0x000000000000725c        0x6 zephyr/drivers/clock_control/libdrivers__clock_control.a(clock_control_nrf.c.obj)
 .text.blocking_start_callback
                0x0000000000007262        0x6 zephyr/drivers/clock_control/libdrivers__clock_control.a(clock_control_nrf.c.obj)
 .text.gpio_nrfx_port_get_raw
                0x0000000000007268        0xe zephyr/drivers/gpio/libdrivers__gpio.a(gpio_nrfx.c.obj)
 .text.gpio_nrfx_port_set_masked_raw
                0x0000000000007276       0x18 zephyr/drivers/gpio/libdrivers__gpio.a(gpio_nrfx.c.obj)
 .text.gpio_nrfx_port_set_bits_raw
                0x000000000000728e        0xc zephyr/drivers/gpio/libdrivers__gpio.a(gpio_nrfx.c.obj)
 .text.gpio_nrfx_port_clear_bits_raw
                0x000000000000729a        0xc zephyr/drivers/gpio/libdrivers__gpio.a(gpio_nrfx.c.obj)
 .text.gpio_nrfx_port_toggle_bits
                0x00000000000072a6       0x1a zephyr/drivers/gpio/libdrivers__gpio.a(gpio_nrfx.c.obj)
 .text.gpio_nrfx_manage_callback
                0x00000000000072c0       0x52 zephyr/drivers/gpio/libdrivers__gpio.a(gpio_nrfx.c.obj)
 .text.i2c_nrfx_twi_configure
                0x0000000000007312       0x32 zephyr/drivers/i2c/libdrivers__i2c.a(i2c_nrfx_twi.c.obj)
 .text.led_gpio_set_brightness
                0x0000000000007344       0x46 zephyr/drivers/led/libdrivers__led.a(led_gpio.c.obj)
 .text.led_gpio_on
                0x000000000000738a        0x6 zephyr/drivers/led/libdrivers__led.a(led_gpio.c.obj)
 .text.led_gpio_off
                0x0000000000007390        0x6 zephyr/drivers/led/libdrivers__led.a(led_gpio.c.obj)
 .text.led_gpio_init
                0x0000000000007396       0x76 zephyr/drivers/led/libdrivers__led.a(led_gpio.c.obj)
 .text.pinctrl_lookup_state
                0x000000000000740c       0x26 zephyr/drivers/pinctrl/libdrivers__pinctrl.a(common.c.obj)
                0x000000000000740c                pinctrl_lookup_state
 .text.uarte_nrfx_config_get
                0x0000000000007432       0x10 zephyr/drivers/serial/libdrivers__serial.a(uart_nrfx_uarte.c.obj)
 .text.uarte_nrfx_err_check
                0x0000000000007442        0xe zephyr/drivers/serial/libdrivers__serial.a(uart_nrfx_uarte.c.obj)
 .text.uarte_nrfx_poll_in
                0x0000000000007450       0x28 zephyr/drivers/serial/libdrivers__serial.a(uart_nrfx_uarte.c.obj)
 .text.is_tx_ready.isra.0
                0x0000000000007478       0x20 zephyr/drivers/serial/libdrivers__serial.a(uart_nrfx_uarte.c.obj)
 .text.uarte_nrfx_isr_int
                0x0000000000007498       0x72 zephyr/drivers/serial/libdrivers__serial.a(uart_nrfx_uarte.c.obj)
 .text.irq_connect1
                0x000000000000750a        0xa zephyr/drivers/spi/libdrivers__spi.a(spi_nrfx_spi.c.obj)
 .text.spi_context_get_next_buf.constprop.0
                0x0000000000007514       0x26 zephyr/drivers/spi/libdrivers__spi.a(spi_nrfx_spi.c.obj)
 .text.gpio_pin_set_dt.isra.0
                0x000000000000753a       0x28 zephyr/drivers/spi/libdrivers__spi.a(spi_nrfx_spi.c.obj)
 .text._spi_context_cs_control
                0x0000000000007562       0x44 zephyr/drivers/spi/libdrivers__spi.a(spi_nrfx_spi.c.obj)
 .text.spi_context_unlock_unconditionally
                0x00000000000075a6       0x20 zephyr/drivers/spi/libdrivers__spi.a(spi_nrfx_spi.c.obj)
 .text.spi_nrfx_release
                0x00000000000075c6       0x24 zephyr/drivers/spi/libdrivers__spi.a(spi_nrfx_spi.c.obj)
 .text.spi_nrfx_init
                0x00000000000075ea       0xac zephyr/drivers/spi/libdrivers__spi.a(spi_nrfx_spi.c.obj)
 .text.finish_transaction.isra.0
                0x0000000000007696       0x20 zephyr/drivers/spi/libdrivers__spi.a(spi_nrfx_spi.c.obj)
 .text.event_handler
                0x00000000000076b6       0x98 zephyr/drivers/spi/libdrivers__spi.a(spi_nrfx_spi.c.obj)
 .text.irq_connect3
                0x000000000000774e        0xa zephyr/drivers/spi/libdrivers__spi.a(spi_nrfx_spim.c.obj)
 .text.spi_context_get_next_buf.constprop.0
                0x0000000000007758       0x26 zephyr/drivers/spi/libdrivers__spi.a(spi_nrfx_spim.c.obj)
 .text.gpio_pin_set_dt.isra.0
                0x000000000000777e       0x28 zephyr/drivers/spi/libdrivers__spi.a(spi_nrfx_spim.c.obj)
 .text._spi_context_cs_control
                0x00000000000077a6       0x44 zephyr/drivers/spi/libdrivers__spi.a(spi_nrfx_spim.c.obj)
 .text.spi_context_unlock_unconditionally
                0x00000000000077ea       0x20 zephyr/drivers/spi/libdrivers__spi.a(spi_nrfx_spim.c.obj)
 .text.spi_nrfx_release
                0x000000000000780a       0x24 zephyr/drivers/spi/libdrivers__spi.a(spi_nrfx_spim.c.obj)
 .text.spi_nrfx_init
                0x000000000000782e       0xac zephyr/drivers/spi/libdrivers__spi.a(spi_nrfx_spim.c.obj)
 .text.finish_transaction.isra.0
                0x00000000000078da       0x20 zephyr/drivers/spi/libdrivers__spi.a(spi_nrfx_spim.c.obj)
 .text.event_handler
                0x00000000000078fa       0x98 zephyr/drivers/spi/libdrivers__spi.a(spi_nrfx_spim.c.obj)
 .text.sys_clock_idle_exit
                0x0000000000007992        0x2 zephyr/drivers/timer/libdrivers__timer.a(sys_clock_init.c.obj)
                0x0000000000007992                sys_clock_idle_exit
 .text.event_clear
                0x0000000000007994       0x18 zephyr/drivers/timer/libdrivers__timer.a(nrf_rtc_timer.c.obj)
 .text.k_sys_fatal_error_handler
                0x00000000000079ac        0x8 modules/nrf/lib/fatal_error/lib..__nrf__lib__fatal_error.a(fatal_error.c.obj)
                0x00000000000079ac                k_sys_fatal_error_handler
 .text.hw_cc3xx_init_internal
                0x00000000000079b4        0x4 modules/nrf/drivers/hw_cc310/lib..__nrf__drivers__hw_cc310.a(hw_cc310.c.obj)
 .text.hw_cc3xx_init
                0x00000000000079b8       0x12 modules/nrf/drivers/hw_cc310/lib..__nrf__drivers__hw_cc310.a(hw_cc310.c.obj)
 .text.nrfx_isr
                0x00000000000079ca        0x2 modules/hal_nordic/nrfx/libmodules__hal_nordic__nrfx.a(nrfx_glue.c.obj)
                0x00000000000079ca                nrfx_isr
 .text.nrfx_busy_wait
                0x00000000000079cc        0x4 modules/hal_nordic/nrfx/libmodules__hal_nordic__nrfx.a(nrfx_glue.c.obj)
                0x00000000000079cc                nrfx_busy_wait
 .text.nrfx_clock_enable
                0x00000000000079d0       0x1a modules/hal_nordic/nrfx/libmodules__hal_nordic__nrfx.a(nrfx_clock.c.obj)
                0x00000000000079d0                nrfx_clock_enable
 .text.nrfx_clock_start
                0x00000000000079ea       0x78 modules/hal_nordic/nrfx/libmodules__hal_nordic__nrfx.a(nrfx_clock.c.obj)
                0x00000000000079ea                nrfx_clock_start
 .text.nrfx_clock_stop
                0x0000000000007a62        0x4 modules/hal_nordic/nrfx/libmodules__hal_nordic__nrfx.a(nrfx_clock.c.obj)
                0x0000000000007a62                nrfx_clock_stop
 .text.nrf_gpio_reconfigure
                0x0000000000007a66       0x92 modules/hal_nordic/nrfx/libmodules__hal_nordic__nrfx.a(nrfx_gpiote.c.obj)
 .text.nrf_gpio_cfg_sense_set
                0x0000000000007af8       0x1e modules/hal_nordic/nrfx/libmodules__hal_nordic__nrfx.a(nrfx_gpiote.c.obj)
 .text.nrf_gpio_cfg_default
                0x0000000000007b16       0x1c modules/hal_nordic/nrfx/libmodules__hal_nordic__nrfx.a(nrfx_spi.c.obj)
 .text.nrf_gpio_pin_set
                0x0000000000007b32       0x1a modules/hal_nordic/nrfx/libmodules__hal_nordic__nrfx.a(nrfx_spi.c.obj)
 .text.nrf_gpio_pin_clear
                0x0000000000007b4c       0x1a modules/hal_nordic/nrfx/libmodules__hal_nordic__nrfx.a(nrfx_spi.c.obj)
 .text.transfer_byte
                0x0000000000007b66       0x66 modules/hal_nordic/nrfx/libmodules__hal_nordic__nrfx.a(nrfx_spi.c.obj)
 .text.irq_handler
                0x0000000000007bcc       0x34 modules/hal_nordic/nrfx/libmodules__hal_nordic__nrfx.a(nrfx_spi.c.obj)
 .text.nrf_gpio_pin_set
                0x0000000000007c00       0x1a modules/hal_nordic/nrfx/libmodules__hal_nordic__nrfx.a(nrfx_spim.c.obj)
 .text.nrf_gpio_pin_clear
                0x0000000000007c1a       0x1a modules/hal_nordic/nrfx/libmodules__hal_nordic__nrfx.a(nrfx_spim.c.obj)
 .text.spim_pin_uninit
                0x0000000000007c34       0x20 modules/hal_nordic/nrfx/libmodules__hal_nordic__nrfx.a(nrfx_spim.c.obj)
 .text.set_ss_pin_state
                0x0000000000007c54       0x20 modules/hal_nordic/nrfx/libmodules__hal_nordic__nrfx.a(nrfx_spim.c.obj)
 .text.twi_transfer
                0x0000000000007c74      0x130 modules/hal_nordic/nrfx/libmodules__hal_nordic__nrfx.a(nrfx_twi.c.obj)
 .text.twi_irq_handler
                0x0000000000007da4       0xae modules/hal_nordic/nrfx/libmodules__hal_nordic__nrfx.a(nrfx_twi.c.obj)
 .text.nrf_gpio_pin_set
                0x0000000000007e52       0x1a modules/hal_nordic/nrfx/libmodules__hal_nordic__nrfx.a(nrfx_twi_twim.c.obj)
 .text._GetAvailWriteSpace
                0x0000000000007e6c       0x12 modules/segger/libmodules__segger.a(SEGGER_RTT.c.obj)
 .text._WriteNoCheck
                0x0000000000007e7e       0x3a modules/segger/libmodules__segger.a(SEGGER_RTT.c.obj)
 .text._WriteBlocking
                0x0000000000007eb8       0x5a modules/segger/libmodules__segger.a(SEGGER_RTT.c.obj)
 .text.SEGGER_RTT_Init
                0x0000000000007f12        0x4 modules/segger/libmodules__segger.a(SEGGER_RTT.c.obj)
                0x0000000000007f12                SEGGER_RTT_Init
 .text.rtt_init
                0x0000000000007f16        0xa modules/segger/libmodules__segger.a(SEGGER_RTT_zephyr.c.obj)
 .text.z_device_state_init
                0x0000000000007f20        0x2 zephyr/kernel/libkernel.a(device.c.obj)
                0x0000000000007f20                z_device_state_init
 .text.z_device_is_ready
                0x0000000000007f22       0x16 zephyr/kernel/libkernel.a(device.c.obj)
                0x0000000000007f22                z_device_is_ready
 .text.z_fatal_error
                0x0000000000007f38       0x36 zephyr/kernel/libkernel.a(fatal.c.obj)
                0x0000000000007f38                z_fatal_error
 .text.z_early_memset
                0x0000000000007f6e        0x4 zephyr/kernel/libkernel.a(init.c.obj)
                0x0000000000007f6e                z_early_memset
 .text.z_early_memcpy
                0x0000000000007f72        0x4 zephyr/kernel/libkernel.a(init.c.obj)
                0x0000000000007f72                z_early_memcpy
 .text.create_free_list
                0x0000000000007f76       0x2c zephyr/kernel/libkernel.a(mem_slab.c.obj)
 .text.k_mem_slab_init
                0x0000000000007fa2       0x1c zephyr/kernel/libkernel.a(mem_slab.c.obj)
                0x0000000000007fa2                k_mem_slab_init
 .text.k_mem_slab_free
                0x0000000000007fbe       0x52 zephyr/kernel/libkernel.a(mem_slab.c.obj)
                0x0000000000007fbe                k_mem_slab_free
 .text.k_is_in_isr
                0x0000000000008010        0xc zephyr/kernel/libkernel.a(thread.c.obj)
                0x0000000000008010                k_is_in_isr
 .text.z_impl_k_thread_name_set
                0x000000000000801c        0x6 zephyr/kernel/libkernel.a(thread.c.obj)
                0x000000000000801c                z_impl_k_thread_name_set
 .text.z_impl_k_thread_start
                0x0000000000008022        0x4 zephyr/kernel/libkernel.a(thread.c.obj)
                0x0000000000008022                z_impl_k_thread_start
 .text.z_pm_save_idle_exit
                0x0000000000008026        0xe zephyr/kernel/libkernel.a(idle.c.obj)
                0x0000000000008026                z_pm_save_idle_exit
 .text.adjust_owner_prio.isra.0
                0x0000000000008034       0x10 zephyr/kernel/libkernel.a(mutex.c.obj)
 .text.z_impl_k_mutex_init
                0x0000000000008044        0xe zephyr/kernel/libkernel.a(mutex.c.obj)
                0x0000000000008044                z_impl_k_mutex_init
 .text.z_impl_k_sem_init
                0x0000000000008052       0x18 zephyr/kernel/libkernel.a(sem.c.obj)
                0x0000000000008052                z_impl_k_sem_init
 .text.flag_test_and_clear
                0x000000000000806a       0x16 zephyr/kernel/libkernel.a(work.c.obj)
 .text.sys_dlist_remove
                0x0000000000008080       0x10 zephyr/kernel/libkernel.a(sched.c.obj)
 .text.unpend_thread_no_timeout
                0x0000000000008090       0x14 zephyr/kernel/libkernel.a(sched.c.obj)
 .text.add_to_waitq_locked
                0x00000000000080a4       0x50 zephyr/kernel/libkernel.a(sched.c.obj)
 .text.z_ready_thread
                0x00000000000080f4       0x20 zephyr/kernel/libkernel.a(sched.c.obj)
                0x00000000000080f4                z_ready_thread
 .text.z_unpend_thread_no_timeout
                0x0000000000008114       0x24 zephyr/kernel/libkernel.a(sched.c.obj)
                0x0000000000008114                z_unpend_thread_no_timeout
 .text.z_sched_wake_thread
                0x0000000000008138       0x44 zephyr/kernel/libkernel.a(sched.c.obj)
                0x0000000000008138                z_sched_wake_thread
 .text.z_thread_timeout
                0x000000000000817c        0x8 zephyr/kernel/libkernel.a(sched.c.obj)
                0x000000000000817c                z_thread_timeout
 .text.z_unpend1_no_timeout
                0x0000000000008184       0x2e zephyr/kernel/libkernel.a(sched.c.obj)
                0x0000000000008184                z_unpend1_no_timeout
 .text.z_unpend_first_thread
                0x00000000000081b2       0x38 zephyr/kernel/libkernel.a(sched.c.obj)
                0x00000000000081b2                z_unpend_first_thread
 .text.z_reschedule_irqlock
                0x00000000000081ea       0x18 zephyr/kernel/libkernel.a(sched.c.obj)
                0x00000000000081ea                z_reschedule_irqlock
 .text.z_reschedule_unlocked
                0x0000000000008202       0x14 zephyr/kernel/libkernel.a(sched.c.obj)
 .text.z_sched_wake
                0x0000000000008216       0x46 zephyr/kernel/libkernel.a(sched.c.obj)
                0x0000000000008216                z_sched_wake
 .text.z_abort_timeout
                0x000000000000825c       0x2c zephyr/kernel/libkernel.a(timeout.c.obj)
                0x000000000000825c                z_abort_timeout
 .text.z_get_next_timeout_expiry
                0x0000000000008288       0x20 zephyr/kernel/libkernel.a(timeout.c.obj)
                0x0000000000008288                z_get_next_timeout_expiry
 .text.sys_clock_tick_get_32
                0x00000000000082a8        0x8 zephyr/kernel/libkernel.a(timeout.c.obj)
                0x00000000000082a8                sys_clock_tick_get_32
 .text.z_impl_k_uptime_ticks
                0x00000000000082b0        0x4 zephyr/kernel/libkernel.a(timeout.c.obj)
                0x00000000000082b0                z_impl_k_uptime_ticks
 .text.z_impl_k_busy_wait
                0x00000000000082b4        0x8 zephyr/kernel/libkernel.a(timeout.c.obj)
                0x00000000000082b4                z_impl_k_busy_wait
 .text.z_impl_k_timer_stop
                0x00000000000082bc       0x3a zephyr/kernel/libkernel.a(timer.c.obj)
                0x00000000000082bc                z_impl_k_timer_stop
 .text.k_heap_init
                0x00000000000082f6       0x12 zephyr/kernel/libkernel.a(kheap.c.obj)
                0x00000000000082f6                k_heap_init
 .text._OffsetAbsSyms
                0x0000000000008308        0x2 zephyr/CMakeFiles/offsets.dir/./arch/arm/core/offsets/offsets.c.obj
                0x0000000000008308                _OffsetAbsSyms
 *(SORT_BY_ALIGNMENT(.TEXT.*))
 *(SORT_BY_ALIGNMENT(.gnu.linkonce.t.*))
 *(SORT_BY_ALIGNMENT(.glue_7t))
 .glue_7t       0x000000000000830a        0x0 linker stubs
 *(SORT_BY_ALIGNMENT(.glue_7))
 .glue_7        0x000000000000830a        0x0 linker stubs
 *(SORT_BY_ALIGNMENT(.vfp11_veneer))
 .vfp11_veneer  0x000000000000830a        0x0 linker stubs
 *(SORT_BY_ALIGNMENT(.v4_bx))
 .v4_bx         0x000000000000830a        0x0 linker stubs
                0x000000000000830c                . = ALIGN (0x4)
 *fill*         0x000000000000830a        0x2 
                0x000000000000830c                __text_region_end = .

.ARM.exidx      0x000000000000830c        0x8
                0x000000000000830c                __exidx_start = .
 *(SORT_BY_ALIGNMENT(.ARM.exidx*) SORT_BY_ALIGNMENT(gnu.linkonce.armexidx.*))
 .ARM.exidx     0x000000000000830c        0x8 d:/project/52840/toolchains/31f4403e35/opt/zephyr-sdk/arm-zephyr-eabi/bin/../lib/gcc/arm-zephyr-eabi/12.2.0/thumb/v7e-m+fp/hard\libgcc.a(_udivmoddi4.o)
                0x0000000000008314                __exidx_end = .
                0x0000000000008314                __rodata_region_start = .

initlevel       0x0000000000008314       0x98
                0x0000000000008314                __init_start = .
                0x0000000000008314                __init_EARLY_start = .
 *(SORT_BY_NAME(SORT_BY_ALIGNMENT(.z_init_EARLY[0-9]_*)))
 *(SORT_BY_NAME(SORT_BY_ALIGNMENT(.z_init_EARLY[1-9][0-9]_*)))
                0x0000000000008314                __init_PRE_KERNEL_1_start = .
 *(SORT_BY_NAME(SORT_BY_ALIGNMENT(.z_init_PRE_KERNEL_1[0-9]_*)))
 .z_init_PRE_KERNEL_10_
                0x0000000000008314        0x8 zephyr/soc/arm/nordic_nrf/nrf52/libsoc__arm__nordic_nrf__nrf52.a(soc.c.obj)
 *(SORT_BY_NAME(SORT_BY_ALIGNMENT(.z_init_PRE_KERNEL_1[1-9][0-9]_*)))
 .z_init_PRE_KERNEL_130_
                0x000000000000831c        0x8 zephyr/drivers/clock_control/libdrivers__clock_control.a(clock_control_nrf.c.obj)
 .z_init_PRE_KERNEL_130_
                0x0000000000008324        0x8 modules/segger/libmodules__segger.a(SEGGER_RTT_zephyr.c.obj)
 .z_init_PRE_KERNEL_130_
                0x000000000000832c        0x8 zephyr/kernel/libkernel.a(mem_slab.c.obj)
 .z_init_PRE_KERNEL_130_
                0x0000000000008334        0x8 zephyr/kernel/libkernel.a(kheap.c.obj)
 .z_init_PRE_KERNEL_140_
                0x000000000000833c        0x8 zephyr/drivers/console/libdrivers__console.a(rtt_console.c.obj)
 .z_init_PRE_KERNEL_140_
                0x0000000000008344       0x10 zephyr/drivers/gpio/libdrivers__gpio.a(gpio_nrfx.c.obj)
 .z_init_PRE_KERNEL_140_
                0x0000000000008354        0x8 modules/nrf/drivers/hw_cc310/lib..__nrf__drivers__hw_cc310.a(hw_cc310.c.obj)
 .z_init_PRE_KERNEL_155_
                0x000000000000835c        0x8 zephyr/drivers/serial/libdrivers__serial.a(uart_nrfx_uarte.c.obj)
                0x0000000000008364                __init_PRE_KERNEL_2_start = .
 *(SORT_BY_NAME(SORT_BY_ALIGNMENT(.z_init_PRE_KERNEL_2[0-9]_*)))
 .z_init_PRE_KERNEL_20_
                0x0000000000008364        0x8 zephyr/drivers/timer/libdrivers__timer.a(nrf_rtc_timer.c.obj)
 *(SORT_BY_NAME(SORT_BY_ALIGNMENT(.z_init_PRE_KERNEL_2[1-9][0-9]_*)))
                0x000000000000836c                __init_POST_KERNEL_start = .
 *(SORT_BY_NAME(SORT_BY_ALIGNMENT(.z_init_POST_KERNEL[0-9]_*)))
 *(SORT_BY_NAME(SORT_BY_ALIGNMENT(.z_init_POST_KERNEL[1-9][0-9]_*)))
 .z_init_POST_KERNEL40_
                0x000000000000836c        0x8 modules/nrf/drivers/hw_cc310/lib..__nrf__drivers__hw_cc310.a(hw_cc310.c.obj)
 .z_init_POST_KERNEL40_
                0x0000000000008374        0x8 zephyr/kernel/libkernel.a(system_work_q.c.obj)
 .z_init_POST_KERNEL50_
                0x000000000000837c        0x8 zephyr/drivers/adc/libdrivers__adc.a(adc_nrfx_saadc.c.obj)
 .z_init_POST_KERNEL50_
                0x0000000000008384        0x8 zephyr/drivers/i2c/libdrivers__i2c.a(i2c_nrfx_twi.c.obj)
 .z_init_POST_KERNEL70_
                0x000000000000838c        0x8 zephyr/drivers/spi/libdrivers__spi.a(spi_nrfx_spi.c.obj)
 .z_init_POST_KERNEL70_
                0x0000000000008394        0x8 zephyr/drivers/spi/libdrivers__spi.a(spi_nrfx_spim.c.obj)
 .z_init_POST_KERNEL90_
                0x000000000000839c        0x8 zephyr/drivers/led/libdrivers__led.a(led_gpio.c.obj)
 .z_init_POST_KERNEL90_
                0x00000000000083a4        0x8 zephyr/drivers/sensor/nrf5/libdrivers__sensor__nrf5.a(temp_nrf5.c.obj)
                0x00000000000083ac                __init_APPLICATION_start = .
 *(SORT_BY_NAME(SORT_BY_ALIGNMENT(.z_init_APPLICATION[0-9]_*)))
 *(SORT_BY_NAME(SORT_BY_ALIGNMENT(.z_init_APPLICATION[1-9][0-9]_*)))
                0x00000000000083ac                __init_SMP_start = .
 *(SORT_BY_NAME(SORT_BY_ALIGNMENT(.z_init_SMP[0-9]_*)))
 *(SORT_BY_NAME(SORT_BY_ALIGNMENT(.z_init_SMP[1-9][0-9]_*)))
                0x00000000000083ac                __init_end = .

devices         0x00000000000083ac       0xf0
                0x00000000000083ac                __device_start = .
                0x00000000000083ac                __device_EARLY_start = .
 *(SORT_BY_NAME(SORT_BY_ALIGNMENT(.z_device_EARLY[0-9]_*)))
 *(SORT_BY_NAME(SORT_BY_ALIGNMENT(.z_device_EARLY[1-9][0-9]_*)))
                0x00000000000083ac                __device_PRE_KERNEL_1_start = .
 *(SORT_BY_NAME(SORT_BY_ALIGNMENT(.z_device_PRE_KERNEL_1[0-9]_*)))
 *(SORT_BY_NAME(SORT_BY_ALIGNMENT(.z_device_PRE_KERNEL_1[1-9][0-9]_*)))
 .z_device_PRE_KERNEL_130_
                0x00000000000083ac       0x18 zephyr/drivers/clock_control/libdrivers__clock_control.a(clock_control_nrf.c.obj)
                0x00000000000083ac                __device_dts_ord_74
 .z_device_PRE_KERNEL_140_
                0x00000000000083c4       0x30 zephyr/drivers/gpio/libdrivers__gpio.a(gpio_nrfx.c.obj)
                0x00000000000083c4                __device_dts_ord_104
                0x00000000000083dc                __device_dts_ord_11
 .z_device_PRE_KERNEL_155_
                0x00000000000083f4       0x18 zephyr/drivers/serial/libdrivers__serial.a(uart_nrfx_uarte.c.obj)
                0x00000000000083f4                __device_dts_ord_112
                0x000000000000840c                __device_PRE_KERNEL_2_start = .
 *(SORT_BY_NAME(SORT_BY_ALIGNMENT(.z_device_PRE_KERNEL_2[0-9]_*)))
 *(SORT_BY_NAME(SORT_BY_ALIGNMENT(.z_device_PRE_KERNEL_2[1-9][0-9]_*)))
                0x000000000000840c                __device_POST_KERNEL_start = .
 *(SORT_BY_NAME(SORT_BY_ALIGNMENT(.z_device_POST_KERNEL[0-9]_*)))
 *(SORT_BY_NAME(SORT_BY_ALIGNMENT(.z_device_POST_KERNEL[1-9][0-9]_*)))
 .z_device_POST_KERNEL50_
                0x000000000000840c       0x18 zephyr/drivers/adc/libdrivers__adc.a(adc_nrfx_saadc.c.obj)
                0x000000000000840c                __device_dts_ord_72
 .z_device_POST_KERNEL50_
                0x0000000000008424       0x18 zephyr/drivers/i2c/libdrivers__i2c.a(i2c_nrfx_twi.c.obj)
                0x0000000000008424                __device_dts_ord_85
 .z_device_POST_KERNEL70_
                0x000000000000843c       0x18 zephyr/drivers/spi/libdrivers__spi.a(spi_nrfx_spi.c.obj)
                0x000000000000843c                __device_dts_ord_102
 .z_device_POST_KERNEL70_
                0x0000000000008454       0x18 zephyr/drivers/spi/libdrivers__spi.a(spi_nrfx_spim.c.obj)
                0x0000000000008454                __device_dts_ord_105
 .z_device_POST_KERNEL90_
                0x000000000000846c       0x18 zephyr/drivers/led/libdrivers__led.a(led_gpio.c.obj)
                0x000000000000846c                __device_dts_ord_19
 .z_device_POST_KERNEL90_
                0x0000000000008484       0x18 zephyr/drivers/sensor/nrf5/libdrivers__sensor__nrf5.a(temp_nrf5.c.obj)
                0x0000000000008484                __device_dts_ord_106
                0x000000000000849c                __device_APPLICATION_start = .
 *(SORT_BY_NAME(SORT_BY_ALIGNMENT(.z_device_APPLICATION[0-9]_*)))
 *(SORT_BY_NAME(SORT_BY_ALIGNMENT(.z_device_APPLICATION[1-9][0-9]_*)))
                0x000000000000849c                __device_SMP_start = .
 *(SORT_BY_NAME(SORT_BY_ALIGNMENT(.z_device_SMP[0-9]_*)))
 *(SORT_BY_NAME(SORT_BY_ALIGNMENT(.z_device_SMP[1-9][0-9]_*)))
                0x000000000000849c                __device_end = .

sw_isr_table    0x000000000000849c      0x180
                0x000000000000849c                . = ALIGN (0x4)
 *(SORT_BY_ALIGNMENT(.gnu.linkonce.sw_isr_table*))
 .gnu.linkonce.sw_isr_table
                0x000000000000849c      0x180 zephyr/arch/common/libisr_tables.a(isr_tables.c.obj)
                0x000000000000849c                _sw_isr_table

initlevel_error
                0x0000000000008314        0x0
 *(SORT_BY_NAME(SORT_BY_ALIGNMENT(.z_init_[_A-Z0-9]*)))
                0x0000000000000001                ASSERT ((SIZEOF (initlevel_error) == 0x0), Undefined initialization levels used.)

app_shmem_regions
                0x000000000000861c        0x0
                0x000000000000861c                __app_shmem_regions_start = .
 *(SORT_BY_NAME(SORT_BY_ALIGNMENT(.app_regions.*)))
                0x000000000000861c                __app_shmem_regions_end = .

k_p4wq_initparam_area
                0x000000000000861c        0x0
                0x000000000000861c                _k_p4wq_initparam_list_start = .
 *(SORT_BY_NAME(SORT_BY_ALIGNMENT(._k_p4wq_initparam.static.*)))
                0x000000000000861c                _k_p4wq_initparam_list_end = .

_static_thread_data_area
                0x000000000000861c        0x0
                0x000000000000861c                __static_thread_data_list_start = .
 *(SORT_BY_NAME(SORT_BY_ALIGNMENT(.__static_thread_data.static.*)))
                0x000000000000861c                __static_thread_data_list_end = .

device_handles  0x000000000000861c       0x8a
                0x000000000000861c                __device_handles_start = .
 *(SORT_BY_NAME(SORT_BY_ALIGNMENT(.__device_handles_pass1*)))
 .__device_handles_pass1
                0x000000000000861c        0xa zephyr/drivers/adc/libdrivers__adc.a(adc_nrfx_saadc.c.obj)
                0x000000000000861c                __devicehdl_dts_ord_72
 .__device_handles_pass1
                0x0000000000008626        0xa zephyr/drivers/clock_control/libdrivers__clock_control.a(clock_control_nrf.c.obj)
                0x0000000000008626                __devicehdl_dts_ord_74
 .__device_handles_pass1
                0x0000000000008630       0x22 zephyr/drivers/gpio/libdrivers__gpio.a(gpio_nrfx.c.obj)
                0x0000000000008630                __devicehdl_dts_ord_104
                0x000000000000863a                __devicehdl_dts_ord_11
 .__device_handles_pass1
                0x0000000000008652        0xe zephyr/drivers/i2c/libdrivers__i2c.a(i2c_nrfx_twi.c.obj)
                0x0000000000008652                __devicehdl_dts_ord_85
 .__device_handles_pass1
                0x0000000000008660       0x10 zephyr/drivers/led/libdrivers__led.a(led_gpio.c.obj)
                0x0000000000008660                __devicehdl_dts_ord_19
 .__device_handles_pass1
                0x0000000000008670        0xa zephyr/drivers/sensor/nrf5/libdrivers__sensor__nrf5.a(temp_nrf5.c.obj)
                0x0000000000008670                __devicehdl_dts_ord_106
 .__device_handles_pass1
                0x000000000000867a        0xe zephyr/drivers/serial/libdrivers__serial.a(uart_nrfx_uarte.c.obj)
                0x000000000000867a                __devicehdl_dts_ord_112
 .__device_handles_pass1
                0x0000000000008688        0xe zephyr/drivers/spi/libdrivers__spi.a(spi_nrfx_spi.c.obj)
                0x0000000000008688                __devicehdl_dts_ord_102
 .__device_handles_pass1
                0x0000000000008696       0x10 zephyr/drivers/spi/libdrivers__spi.a(spi_nrfx_spim.c.obj)
                0x0000000000008696                __devicehdl_dts_ord_105
                0x00000000000086a6                __device_handles_end = .

ztest           0x00000000000086a6        0x0
                0x00000000000086a6                _ztest_expected_result_entry_list_start = .
 *(SORT_BY_NAME(SORT_BY_ALIGNMENT(._ztest_expected_result_entry.static.*)))
                0x00000000000086a6                _ztest_expected_result_entry_list_end = .
                0x00000000000086a6                _ztest_suite_node_list_start = .
 *(SORT_BY_NAME(SORT_BY_ALIGNMENT(._ztest_suite_node.static.*)))
                0x00000000000086a6                _ztest_suite_node_list_end = .
                0x00000000000086a6                _ztest_unit_test_list_start = .
 *(SORT_BY_NAME(SORT_BY_ALIGNMENT(._ztest_unit_test.static.*)))
                0x00000000000086a6                _ztest_unit_test_list_end = .
                0x00000000000086a6                _ztest_test_rule_list_start = .
 *(SORT_BY_NAME(SORT_BY_ALIGNMENT(._ztest_test_rule.static.*)))
                0x00000000000086a6                _ztest_test_rule_list_end = .

bt_l2cap_fixed_chan_area
                0x00000000000086a6        0x0
                0x00000000000086a6                _bt_l2cap_fixed_chan_list_start = .
 *(SORT_BY_NAME(SORT_BY_ALIGNMENT(._bt_l2cap_fixed_chan.static.*)))
                0x00000000000086a6                _bt_l2cap_fixed_chan_list_end = .

bt_gatt_service_static_area
                0x00000000000086a6        0x0
                0x00000000000086a6                _bt_gatt_service_static_list_start = .
 *(SORT_BY_NAME(SORT_BY_ALIGNMENT(._bt_gatt_service_static.static.*)))
                0x00000000000086a6                _bt_gatt_service_static_list_end = .

log_strings_sections
                0x00000000000086a6        0x0
                0x00000000000086a6                __log_strings_start = .
 *(SORT_BY_NAME(SORT_BY_ALIGNMENT(.log_strings*)))
                0x00000000000086a6                __log_strings_end = .

log_const_sections
                0x00000000000086a8       0xc8
                0x00000000000086a8                __log_const_start = .
 *(SORT_BY_NAME(SORT_BY_ALIGNMENT(.log_const_*)))
 .log_const_NRFX_CLOCK
                0x00000000000086a8        0x8 modules/hal_nordic/nrfx/libmodules__hal_nordic__nrfx.a(nrfx_clock.c.obj)
                0x00000000000086a8                log_const_NRFX_CLOCK
 .log_const_NRFX_GPIOTE
                0x00000000000086b0        0x8 modules/hal_nordic/nrfx/libmodules__hal_nordic__nrfx.a(nrfx_gpiote.c.obj)
                0x00000000000086b0                log_const_NRFX_GPIOTE
 .log_const_NRFX_PPI
                0x00000000000086b8        0x8 modules/hal_nordic/nrfx/libmodules__hal_nordic__nrfx.a(nrfx_ppi.c.obj)
                0x00000000000086b8                log_const_NRFX_PPI
 .log_const_NRFX_SPI
                0x00000000000086c0        0x8 modules/hal_nordic/nrfx/libmodules__hal_nordic__nrfx.a(nrfx_spi.c.obj)
                0x00000000000086c0                log_const_NRFX_SPI
 .log_const_NRFX_SPIM
                0x00000000000086c8        0x8 modules/hal_nordic/nrfx/libmodules__hal_nordic__nrfx.a(nrfx_spim.c.obj)
                0x00000000000086c8                log_const_NRFX_SPIM
 .log_const_NRFX_TWI
                0x00000000000086d0        0x8 modules/hal_nordic/nrfx/libmodules__hal_nordic__nrfx.a(nrfx_twi.c.obj)
                0x00000000000086d0                log_const_NRFX_TWI
 .log_const_NRFX_UARTE
                0x00000000000086d8        0x8 modules/hal_nordic/nrfx/libmodules__hal_nordic__nrfx.a(nrfx_uarte.c.obj)
                0x00000000000086d8                log_const_NRFX_UARTE
 .log_const_adc_nrfx_saadc
                0x00000000000086e0        0x8 zephyr/drivers/adc/libdrivers__adc.a(adc_nrfx_saadc.c.obj)
                0x00000000000086e0                log_const_adc_nrfx_saadc
 .log_const_cbprintf_package
                0x00000000000086e8        0x8 zephyr/libzephyr.a(cbprintf_packaged.c.obj)
                0x00000000000086e8                log_const_cbprintf_package
 .log_const_clock_control
                0x00000000000086f0        0x8 zephyr/drivers/clock_control/libdrivers__clock_control.a(clock_control_nrf.c.obj)
                0x00000000000086f0                log_const_clock_control
 .log_const_dk_buttons_and_leds
                0x00000000000086f8        0x8 modules/nrf/lib/dk_buttons_and_leds/lib..__nrf__lib__dk_buttons_and_leds.a(dk_buttons_and_leds.c.obj)
                0x00000000000086f8                log_const_dk_buttons_and_leds
 .log_const_fatal_error
                0x0000000000008700        0x8 modules/nrf/lib/fatal_error/lib..__nrf__lib__fatal_error.a(fatal_error.c.obj)
                0x0000000000008700                log_const_fatal_error
 .log_const_fs_nvs
                0x0000000000008708        0x8 zephyr/libzephyr.a(nvs.c.obj)
                0x0000000000008708                log_const_fs_nvs
 .log_const_i2c
                0x0000000000008710        0x8 zephyr/drivers/i2c/libdrivers__i2c.a(i2c_common.c.obj)
                0x0000000000008710                log_const_i2c
 .log_const_i2c_nrfx_twi
                0x0000000000008718        0x8 zephyr/drivers/i2c/libdrivers__i2c.a(i2c_nrfx_twi.c.obj)
                0x0000000000008718                log_const_i2c_nrfx_twi
 .log_const_led_gpio
                0x0000000000008720        0x8 zephyr/drivers/led/libdrivers__led.a(led_gpio.c.obj)
                0x0000000000008720                log_const_led_gpio
 .log_const_mpu
                0x0000000000008728        0x8 zephyr/arch/arch/arm/core/aarch32/mpu/libarch__arm__core__aarch32__mpu.a(arm_core_mpu.c.obj)
                0x0000000000008728                log_const_mpu
 .log_const_os  0x0000000000008730        0x8 zephyr/kernel/libkernel.a(init.c.obj)
                0x0000000000008730                log_const_os
 .log_const_pm  0x0000000000008738        0x8 zephyr/libzephyr.a(pm.c.obj)
                0x0000000000008738                log_const_pm
 .log_const_settings
                0x0000000000008740        0x8 zephyr/libzephyr.a(settings.c.obj)
                0x0000000000008740                log_const_settings
 .log_const_soc
                0x0000000000008748        0x8 zephyr/soc/arm/nordic_nrf/nrf52/libsoc__arm__nordic_nrf__nrf52.a(soc.c.obj)
                0x0000000000008748                log_const_soc
 .log_const_spi_nrfx_spi
                0x0000000000008750        0x8 zephyr/drivers/spi/libdrivers__spi.a(spi_nrfx_spi.c.obj)
                0x0000000000008750                log_const_spi_nrfx_spi
 .log_const_spi_nrfx_spim
                0x0000000000008758        0x8 zephyr/drivers/spi/libdrivers__spi.a(spi_nrfx_spim.c.obj)
                0x0000000000008758                log_const_spi_nrfx_spim
 .log_const_temp_nrf5
                0x0000000000008760        0x8 zephyr/drivers/sensor/nrf5/libdrivers__sensor__nrf5.a(temp_nrf5.c.obj)
                0x0000000000008760                log_const_temp_nrf5
 .log_const_uart_nrfx_uarte
                0x0000000000008768        0x8 zephyr/drivers/serial/libdrivers__serial.a(uart_nrfx_uarte.c.obj)
                0x0000000000008768                log_const_uart_nrfx_uarte
                0x0000000000008770                __log_const_end = .

log_backend_area
                0x0000000000008770        0x0
                0x0000000000008770                _log_backend_list_start = .
 *(SORT_BY_NAME(SORT_BY_ALIGNMENT(._log_backend.static.*)))
                0x0000000000008770                _log_backend_list_end = .

log_link_area   0x0000000000008770        0x0
                0x0000000000008770                _log_link_list_start = .
 *(SORT_BY_NAME(SORT_BY_ALIGNMENT(._log_link.static.*)))
                0x0000000000008770                _log_link_list_end = .

tracing_backend_area
                0x0000000000008770        0x0
                0x0000000000008770                _tracing_backend_list_start = .
 *(SORT_BY_NAME(SORT_BY_ALIGNMENT(._tracing_backend.static.*)))
                0x0000000000008770                _tracing_backend_list_end = .

zephyr_dbg_info
 *(SORT_BY_ALIGNMENT(.dbg_thread_info))

settings_handler_static_area
                0x0000000000008770        0x0
                0x0000000000008770                _settings_handler_static_list_start = .
 *(SORT_BY_NAME(SORT_BY_ALIGNMENT(._settings_handler_static.static.*)))
                0x0000000000008770                _settings_handler_static_list_end = .

symbol_to_keep  0x0000000000008770        0x0
                0x0000000000008770                __symbol_to_keep_start = .
 *(SORT_BY_NAME(SORT_BY_ALIGNMENT(.symbol_to_keep*)))
                0x0000000000008770                __symbol_to_keep_end = .

shell_area      0x0000000000008770        0x0
                0x0000000000008770                _shell_list_start = .
 *(SORT_BY_NAME(SORT_BY_ALIGNMENT(._shell.static.*)))
                0x0000000000008770                _shell_list_end = .

shell_root_cmds_sections
                0x0000000000008770        0x0
                0x0000000000008770                __shell_root_cmds_start = .
 *(SORT_BY_NAME(SORT_BY_ALIGNMENT(.shell_root_cmd_*)))
                0x0000000000008770                __shell_root_cmds_end = .

shell_subcmds_sections
                0x0000000000008770        0x0
                0x0000000000008770                __shell_subcmds_start = .
 *(SORT_BY_NAME(SORT_BY_ALIGNMENT(.shell_subcmd_*)))
                0x0000000000008770                __shell_subcmds_end = .

shell_dynamic_subcmds_sections
                0x0000000000008770        0x0
                0x0000000000008770                __shell_dynamic_subcmds_start = .
 *(SORT_BY_NAME(SORT_BY_ALIGNMENT(.shell_dynamic_subcmd_*)))
                0x0000000000008770                __shell_dynamic_subcmds_end = .

font_entry_sections
                0x0000000000008770        0x0
                0x0000000000008770                __font_entry_start = .
 *(SORT_BY_NAME(SORT_BY_ALIGNMENT(._cfb_font.*)))
                0x0000000000008770                __font_entry_end = .

rodata          0x0000000000008770      0x5a0
 *(SORT_BY_ALIGNMENT(.rodata))
 *(SORT_BY_ALIGNMENT(.rodata.*))
 .rodata.delay_machine_code.0
                0x0000000000008770        0x6 zephyr/soc/arm/nordic_nrf/nrf52/libsoc__arm__nordic_nrf__nrf52.a(soc.c.obj)
 *fill*         0x0000000000008776        0x2 
 .rodata.pmstates_DT_N_S_cpus_S_cpu_0
                0x0000000000008778        0x0 zephyr/libzephyr.a(state.c.obj)
 .rodata.apis   0x0000000000008778        0x8 zephyr/libzephyr.a(nrf_cc3xx_platform_abort_zephyr.c.obj)
 .rodata.mutexes
                0x0000000000008780       0x14 zephyr/libzephyr.a(nrf_cc3xx_platform_mutex_zephyr.c.obj)
 .rodata.mutex_apis
                0x0000000000008794       0x10 zephyr/libzephyr.a(nrf_cc3xx_platform_mutex_zephyr.c.obj)
 .rodata.static_regions
                0x00000000000087a4        0xc zephyr/arch/arch/arm/core/aarch32/mpu/libarch__arm__core__aarch32__mpu.a(arm_core_mpu.c.obj)
 .rodata.mpu_config
                0x00000000000087b0        0x8 zephyr/soc/arm/common/cortex_m/libsoc__arm__common__cortex_m.a(arm_mpu_regions.c.obj)
                0x00000000000087b0                mpu_config
 .rodata.mpu_regions
                0x00000000000087b8       0x18 zephyr/soc/arm/common/cortex_m/libsoc__arm__common__cortex_m.a(arm_mpu_regions.c.obj)
 .rodata.adc_nrfx_driver_api
                0x00000000000087d0        0xc zephyr/drivers/adc/libdrivers__adc.a(adc_nrfx_saadc.c.obj)
 .rodata.transitions.0
                0x00000000000087dc        0xc zephyr/drivers/clock_control/libdrivers__clock_control.a(clock_control_nrf.c.obj)
 .rodata.config
                0x00000000000087e8       0x10 zephyr/drivers/clock_control/libdrivers__clock_control.a(clock_control_nrf.c.obj)
 .rodata.clock_control_api
                0x00000000000087f8       0x1c zephyr/drivers/clock_control/libdrivers__clock_control.a(clock_control_nrf.c.obj)
 .rodata.gpio_nrfx_p1_cfg
                0x0000000000008814       0x10 zephyr/drivers/gpio/libdrivers__gpio.a(gpio_nrfx.c.obj)
 .rodata.gpio_nrfx_p0_cfg
                0x0000000000008824       0x10 zephyr/drivers/gpio/libdrivers__gpio.a(gpio_nrfx.c.obj)
 .rodata.gpio_nrfx_drv_api_funcs
                0x0000000000008834       0x24 zephyr/drivers/gpio/libdrivers__gpio.a(gpio_nrfx.c.obj)
 .rodata.twi_0z_config
                0x0000000000008858       0x1c zephyr/drivers/i2c/libdrivers__i2c.a(i2c_nrfx_twi.c.obj)
 .rodata.__pinctrl_dev_config__device_dts_ord_85
                0x0000000000008874        0xc zephyr/drivers/i2c/libdrivers__i2c.a(i2c_nrfx_twi.c.obj)
 .rodata.__pinctrl_states__device_dts_ord_85
                0x0000000000008880        0x8 zephyr/drivers/i2c/libdrivers__i2c.a(i2c_nrfx_twi.c.obj)
 .rodata.__pinctrl_state_pins_0__device_dts_ord_85
                0x0000000000008888        0x8 zephyr/drivers/i2c/libdrivers__i2c.a(i2c_nrfx_twi.c.obj)
 .rodata.i2c_nrfx_twi_driver_api
                0x0000000000008890       0x18 zephyr/drivers/i2c/libdrivers__i2c.a(i2c_nrfx_twi.c.obj)
 .rodata.led_gpio_config_0
                0x00000000000088a8        0x8 zephyr/drivers/led/libdrivers__led.a(led_gpio.c.obj)
 .rodata.gpio_dt_spec_0
                0x00000000000088b0       0x20 zephyr/drivers/led/libdrivers__led.a(led_gpio.c.obj)
 .rodata.led_gpio_api
                0x00000000000088d0       0x1c zephyr/drivers/led/libdrivers__led.a(led_gpio.c.obj)
 .rodata.temp_nrf5_driver_api
                0x00000000000088ec       0x14 zephyr/drivers/sensor/nrf5/libdrivers__sensor__nrf5.a(temp_nrf5.c.obj)
 .rodata.uarte_0z_config
                0x0000000000008900       0x10 zephyr/drivers/serial/libdrivers__serial.a(uart_nrfx_uarte.c.obj)
 .rodata.__pinctrl_dev_config__device_dts_ord_112
                0x0000000000008910        0xc zephyr/drivers/serial/libdrivers__serial.a(uart_nrfx_uarte.c.obj)
 .rodata.__pinctrl_states__device_dts_ord_112
                0x000000000000891c        0x8 zephyr/drivers/serial/libdrivers__serial.a(uart_nrfx_uarte.c.obj)
 .rodata.__pinctrl_state_pins_0__device_dts_ord_112
                0x0000000000008924       0x10 zephyr/drivers/serial/libdrivers__serial.a(uart_nrfx_uarte.c.obj)
 .rodata.uart_nrfx_uarte_driver_api
                0x0000000000008934       0x14 zephyr/drivers/serial/libdrivers__serial.a(uart_nrfx_uarte.c.obj)